
Running 61 tests using 1 worker

  Γ£ÿ   1 [chromium] ΓÇ║ tests\e2e\camera-controls.spec.js:63:5 ΓÇ║ Camera & Time Controls ΓÇ║ should pause and resume simulation (7ms)
  Γ£ÿ   2 [chromium] ΓÇ║ tests\e2e\camera-controls.spec.js:78:5 ΓÇ║ Camera & Time Controls ΓÇ║ should adjust simulation speed via slider (3ms)
  Γ£ÿ   3 [chromium] ΓÇ║ tests\e2e\camera-controls.spec.js:92:5 ΓÇ║ Camera & Time Controls ΓÇ║ should toggle camera view (30ms)
  Γ£ÿ   4 [chromium] ΓÇ║ tests\e2e\camera-controls.spec.js:110:5 ΓÇ║ Camera & Time Controls ΓÇ║ should reset view (3ms)
  Γ£ÿ   5 [chromium] ΓÇ║ tests\e2e\camera-controls.spec.js:123:5 ΓÇ║ Camera & Time Controls ΓÇ║ should toggle textures via bottom dock button (3ms)
  Γ£ÿ   6 [chromium] ΓÇ║ tests\e2e\camera-controls.spec.js:141:5 ΓÇ║ Camera & Time Controls ΓÇ║ should toggle labels via button (2ms)
  Γ£ÿ   7 [chromium] ΓÇ║ tests\e2e\camera-controls.spec.js:155:5 ΓÇ║ Camera & Time Controls ΓÇ║ should toggle orbits via button (2ms)
  Γ£ÿ   8 [chromium] ΓÇ║ tests\e2e\camera-controls.spec.js:170:5 ΓÇ║ Camera & Time Controls ΓÇ║ should follow selected object (2ms)
  Γ£ÿ   9 [chromium] ΓÇ║ tests\e2e\command-palette.spec.ts:5:5 ΓÇ║ Command Palette Shortcut ΓÇ║ should toggle command palette with Cmd+K / Ctrl+K (2ms)
  Γ£ÿ  10 [chromium] ΓÇ║ tests\e2e\help-modal.spec.js:26:5 ΓÇ║ Help Modal ΓÇ║ should open help modal via button (2ms)
  Γ£ÿ  11 [chromium] ΓÇ║ tests\e2e\help-modal.spec.js:38:5 ΓÇ║ Help Modal ΓÇ║ should close help modal via close button (2ms)
  Γ£ÿ  12 [chromium] ΓÇ║ tests\e2e\help-modal.spec.js:55:5 ΓÇ║ Help Modal ΓÇ║ should display controls and shortcuts content (2ms)
  Γ£ÿ  13 [chromium] ΓÇ║ tests\e2e\help-modal.spec.js:72:5 ΓÇ║ Help Modal ΓÇ║ should close modal with Escape key (3ms)
  Γ£ÿ  14 [chromium] ΓÇ║ tests\e2e\help-modal.spec.js:88:5 ΓÇ║ Help Modal ΓÇ║ should have accessible close button (2ms)
  Γ£ÿ  15 [chromium] ΓÇ║ tests\e2e\help-modal.spec.js:100:5 ΓÇ║ Help Modal ΓÇ║ should have focusable elements within modal (2ms)
  Γ£ÿ  16 [chromium] ΓÇ║ tests\e2e\keyboard-shortcuts.spec.js:46:5 ΓÇ║ Keyboard Shortcuts ΓÇ║ should pause/play simulation with Space key (3ms)
  Γ£ÿ  17 [chromium] ΓÇ║ tests\e2e\keyboard-shortcuts.spec.js:62:5 ΓÇ║ Keyboard Shortcuts ΓÇ║ should toggle camera with C key (3ms)
  Γ£ÿ  18 [chromium] ΓÇ║ tests\e2e\keyboard-shortcuts.spec.js:80:5 ΓÇ║ Keyboard Shortcuts ΓÇ║ should toggle textures with T key (2ms)
  Γ£ÿ  19 [chromium] ΓÇ║ tests\e2e\keyboard-shortcuts.spec.js:98:5 ΓÇ║ Keyboard Shortcuts ΓÇ║ should toggle labels with L key (2ms)
  Γ£ÿ  20 [chromium] ΓÇ║ tests\e2e\keyboard-shortcuts.spec.js:112:5 ΓÇ║ Keyboard Shortcuts ΓÇ║ should toggle orbits with O key (3ms)
  Γ£ÿ  21 [chromium] ΓÇ║ tests\e2e\keyboard-shortcuts.spec.js:126:5 ΓÇ║ Keyboard Shortcuts ΓÇ║ should close sidebar with Escape key (2ms)
  Γ£ÿ  22 [chromium] ΓÇ║ tests\e2e\keyboard-shortcuts.spec.js:149:5 ΓÇ║ Keyboard Shortcuts ΓÇ║ should open command palette with Cmd+K / Ctrl+K (2ms)
  Γ£ÿ  23 [chromium] ΓÇ║ tests\e2e\keyboard-shortcuts.spec.js:163:5 ΓÇ║ Keyboard Shortcuts ΓÇ║ should open settings with comma key (3ms)
  Γ£ÿ  24 [chromium] ΓÇ║ tests\e2e\keyboard-shortcuts.spec.js:177:5 ΓÇ║ Keyboard Shortcuts ΓÇ║ should open help modal with ? key (3ms)
  Γ£ÿ  25 [chromium] ΓÇ║ tests\e2e\navigation-sidebar.spec.js:47:5 ΓÇ║ Navigation Sidebar ΓÇ║ should open and close navigation sidebar (4ms)
  Γ£ÿ  26 [chromium] ΓÇ║ tests\e2e\navigation-sidebar.spec.js:67:5 ΓÇ║ Navigation Sidebar ΓÇ║ should display planet list after loading (2ms)
  Γ£ÿ  27 [chromium] ΓÇ║ tests\e2e\navigation-sidebar.spec.js:82:5 ΓÇ║ Navigation Sidebar ΓÇ║ should filter planets via search (3ms)
  Γ£ÿ  28 [chromium] ΓÇ║ tests\e2e\navigation-sidebar.spec.js:101:5 ΓÇ║ Navigation Sidebar ΓÇ║ should clear search results when input is cleared (2ms)
  Γ£ÿ  29 [chromium] ΓÇ║ tests\e2e\navigation-sidebar.spec.js:124:5 ΓÇ║ Navigation Sidebar ΓÇ║ should select a planet and update info panel (2ms)
  Γ£ÿ  30 [chromium] ΓÇ║ tests\e2e\navigation-sidebar.spec.js:142:5 ΓÇ║ Navigation Sidebar ΓÇ║ should show Jupiter moons in navigation (3ms)
  Γ£ÿ  31 [chromium] ΓÇ║ tests\e2e\navigation.spec.ts:37:3 ΓÇ║ Navigation & Search ΓÇ║ should toggle sidebar visibility (6ms)
  Γ£ÿ  32 [chromium] ΓÇ║ tests\e2e\navigation.spec.ts:58:3 ΓÇ║ Navigation & Search ΓÇ║ should populate planet list (2ms)
  Γ£ÿ  33 [chromium] ΓÇ║ tests\e2e\navigation.spec.ts:70:3 ΓÇ║ Navigation & Search ΓÇ║ should filter list via search (3ms)
  Γ£ÿ  34 [chromium] ΓÇ║ tests\e2e\navigation.spec.ts:93:3 ΓÇ║ Navigation & Search ΓÇ║ should select a planet and show info panel (4ms)
  Γ£ÿ  35 [chromium] ΓÇ║ tests\e2e\performance.spec.js:28:5 ΓÇ║ Performance Benchmarks ΓÇ║ should maintain acceptable FPS during simulation (2ms)
  Γ£ÿ  36 [chromium] ΓÇ║ tests\e2e\performance.spec.js:53:5 ΓÇ║ Performance Benchmarks ΓÇ║ should complete initialization within acceptable time (3ms)
  Γ£ÿ  37 [chromium] ΓÇ║ tests\e2e\performance.spec.js:76:5 ΓÇ║ Performance Benchmarks ΓÇ║ should have resource hints in place (2ms)
  Γ£ÿ  38 [chromium] ΓÇ║ tests\e2e\responsive.spec.ts:14:3 ΓÇ║ Responsive Layouts ΓÇ║ mobile layout: sidebar should cover full screen or significant portion (4ms)
  Γ£ÿ  39 [chromium] ΓÇ║ tests\e2e\responsive.spec.ts:30:3 ΓÇ║ Responsive Layouts ΓÇ║ mobile layout: bottom dock compact view (2ms)
  Γ£ÿ  40 [chromium] ΓÇ║ tests\e2e\responsive.spec.ts:41:3 ΓÇ║ Responsive Layouts ΓÇ║ tablet layout: functionality check (3ms)
  Γ£ÿ  41 [chromium] ΓÇ║ tests\e2e\settings-panel.spec.js:43:5 ΓÇ║ Settings Panel ΓÇ║ should open and close settings panel (3ms)
  Γ£ÿ  42 [chromium] ΓÇ║ tests\e2e\settings-panel.spec.js:63:5 ΓÇ║ Settings Panel ΓÇ║ should toggle textures setting (2ms)
  Γ£ÿ  43 [chromium] ΓÇ║ tests\e2e\settings-panel.spec.js:84:5 ΓÇ║ Settings Panel ΓÇ║ should toggle labels setting (6ms)
  Γ£ÿ  44 [chromium] ΓÇ║ tests\e2e\settings-panel.spec.js:101:5 ΓÇ║ Settings Panel ΓÇ║ should toggle orbits setting (3ms)
  Γ£ÿ  45 [chromium] ΓÇ║ tests\e2e\settings-panel.spec.js:118:5 ΓÇ║ Settings Panel ΓÇ║ should toggle belt settings (4ms)
  Γ£ÿ  46 [chromium] ΓÇ║ tests\e2e\settings-panel.spec.js:148:5 ΓÇ║ Settings Panel ΓÇ║ should change theme (2ms)
  Γ£ÿ  47 [chromium] ΓÇ║ tests\e2e\settings-panel.spec.js:174:5 ΓÇ║ Settings Panel ΓÇ║ should adjust simulation speed (2ms)
  Γ£ÿ  48 [chromium] ΓÇ║ tests\e2e\settings-panel.spec.js:195:5 ΓÇ║ Settings Panel ΓÇ║ should persist settings after refresh (localStorage) (2ms)
  Γ£ÿ  49 [chromium] ΓÇ║ tests\e2e\smoke.spec.ts:6:3 ΓÇ║ Smoke Tests ΓÇ║ should load the application successfully (3ms)
  Γ£ÿ  50 [chromium] ΓÇ║ tests\e2e\stress_trails.spec.ts:3:1 ΓÇ║ Trails Performance Benchmark (2ms)
  Γ£ÿ  51 [chromium] ΓÇ║ tests\e2e\ui-controls.spec.ts:15:5 ΓÇ║ UI Controls & Tools ΓÇ║ Global Toggles ΓÇ║ should toggle labels (2ms)
  Γ£ÿ  52 [chromium] ΓÇ║ tests\e2e\ui-controls.spec.ts:25:5 ΓÇ║ UI Controls & Tools ΓÇ║ Global Toggles ΓÇ║ should toggle orbits (2ms)
  Γ£ÿ  53 [chromium] ΓÇ║ tests\e2e\ui-controls.spec.ts:35:5 ΓÇ║ UI Controls & Tools ΓÇ║ Global Toggles ΓÇ║ should toggle textures (2ms)
  Γ£ÿ  54 [chromium] ΓÇ║ tests\e2e\ui-controls.spec.ts:47:5 ΓÇ║ UI Controls & Tools ΓÇ║ Time Controls ΓÇ║ should toggle pause/resume (2ms)
  Γ£ÿ  55 [chromium] ΓÇ║ tests\e2e\ui-controls.spec.ts:59:5 ΓÇ║ UI Controls & Tools ΓÇ║ Time Controls ΓÇ║ should change simulation speed (3ms)
  Γ£ÿ  56 [chromium] ΓÇ║ tests\e2e\ui-controls.spec.ts:75:5 ΓÇ║ UI Controls & Tools ΓÇ║ Command Palette ΓÇ║ should open with keyboard shortcut and execute command (3ms)
  Γ£ÿ  57 [chromium] ΓÇ║ tests\e2e\ux-upgrade.spec.js:20:5 ΓÇ║ Palette UX Upgrade ΓÇ║ should show UI immediately (Skeletons or Real Data) without blocking (2ms)
  Γ£ÿ  58 [chromium] ΓÇ║ tests\e2e\ux-upgrade.spec.js:38:5 ΓÇ║ Palette UX Upgrade ΓÇ║ should show toast notifications on interaction (3ms)
  Γ£ÿ  59 [chromium] ΓÇ║ tests\e2e\ux-upgrade.spec.js:58:5 ΓÇ║ Palette UX Upgrade ΓÇ║ should show error overlay on system.json 500 failure (3ms)
  -  60 [chromium] ΓÇ║ tests\e2e\ux-upgrade.spec.js:83:10 ΓÇ║ Palette UX Upgrade ΓÇ║ should collapse sidebar on mobile viewport
  Γ£ÿ  61 [chromium] ΓÇ║ tests\e2e\visual-audit.spec.js:23:5 ΓÇ║ Visual Audit ΓÇ║ capture screenshots for visual audit (3ms)


  1) [chromium] ΓÇ║ tests\e2e\camera-controls.spec.js:63:5 ΓÇ║ Camera & Time Controls ΓÇ║ should pause and resume simulation 

    Error: browserType.launch: Executable doesn't exist at C:\Users\mehna\AppData\Local\ms-playwright\chromium_headless_shell-1208\chrome-headless-shell-win64\chrome-headless-shell.exe
    ΓòöΓòÉΓòÉΓòÉΓòÉΓòÉΓòÉΓòÉΓòÉΓòÉΓòÉΓòÉΓòÉΓòÉΓòÉΓòÉΓòÉΓòÉΓòÉΓòÉΓòÉΓòÉΓòÉΓòÉΓòÉΓòÉΓòÉΓòÉΓòÉΓòÉΓòÉΓòÉΓòÉΓòÉΓòÉΓòÉΓòÉΓòÉΓòÉΓòÉΓòÉΓòÉΓòÉΓòÉΓòÉΓòÉΓòÉΓòÉΓòÉΓòÉΓòÉΓòÉΓòÉΓòÉΓòÉΓòÉΓòÉΓòÉΓòÉΓòÉΓòÉΓòÉΓòÉΓòÉΓòÉΓòÉΓòÉΓòÉΓòÉΓòÉΓòÉΓòÉΓòÉΓòÉΓòù
    Γòæ Looks like Playwright Test or Playwright was just installed or updated. Γòæ
    Γòæ Please run the following command to download new browsers:              Γòæ
    Γòæ                                                                         Γòæ
    Γòæ     npx playwright install                                              Γòæ
    Γòæ                                                                         Γòæ
    Γòæ <3 Playwright Team                                                      Γòæ
    ΓòÜΓòÉΓòÉΓòÉΓòÉΓòÉΓòÉΓòÉΓòÉΓòÉΓòÉΓòÉΓòÉΓòÉΓòÉΓòÉΓòÉΓòÉΓòÉΓòÉΓòÉΓòÉΓòÉΓòÉΓòÉΓòÉΓòÉΓòÉΓòÉΓòÉΓòÉΓòÉΓòÉΓòÉΓòÉΓòÉΓòÉΓòÉΓòÉΓòÉΓòÉΓòÉΓòÉΓòÉΓòÉΓòÉΓòÉΓòÉΓòÉΓòÉΓòÉΓòÉΓòÉΓòÉΓòÉΓòÉΓòÉΓòÉΓòÉΓòÉΓòÉΓòÉΓòÉΓòÉΓòÉΓòÉΓòÉΓòÉΓòÉΓòÉΓòÉΓòÉΓòÉΓòÉΓò¥

  2) [chromium] ΓÇ║ tests\e2e\camera-controls.spec.js:78:5 ΓÇ║ Camera & Time Controls ΓÇ║ should adjust simulation speed via slider 

    Error: browserType.launch: Executable doesn't exist at C:\Users\mehna\AppData\Local\ms-playwright\chromium_headless_shell-1208\chrome-headless-shell-win64\chrome-headless-shell.exe
    ΓòöΓòÉΓòÉΓòÉΓòÉΓòÉΓòÉΓòÉΓòÉΓòÉΓòÉΓòÉΓòÉΓòÉΓòÉΓòÉΓòÉΓòÉΓòÉΓòÉΓòÉΓòÉΓòÉΓòÉΓòÉΓòÉΓòÉΓòÉΓòÉΓòÉΓòÉΓòÉΓòÉΓòÉΓòÉΓòÉΓòÉΓòÉΓòÉΓòÉΓòÉΓòÉΓòÉΓòÉΓòÉΓòÉΓòÉΓòÉΓòÉΓòÉΓòÉΓòÉΓòÉΓòÉΓòÉΓòÉΓòÉΓòÉΓòÉΓòÉΓòÉΓòÉΓòÉΓòÉΓòÉΓòÉΓòÉΓòÉΓòÉΓòÉΓòÉΓòÉΓòÉΓòÉΓòù
    Γòæ Looks like Playwright Test or Playwright was just installed or updated. Γòæ
    Γòæ Please run the following command to download new browsers:              Γòæ
    Γòæ                                                                         Γòæ
    Γòæ     npx playwright install                                              Γòæ
    Γòæ                                                                         Γòæ
    Γòæ <3 Playwright Team                                                      Γòæ
    ΓòÜΓòÉΓòÉΓòÉΓòÉΓòÉΓòÉΓòÉΓòÉΓòÉΓòÉΓòÉΓòÉΓòÉΓòÉΓòÉΓòÉΓòÉΓòÉΓòÉΓòÉΓòÉΓòÉΓòÉΓòÉΓòÉΓòÉΓòÉΓòÉΓòÉΓòÉΓòÉΓòÉΓòÉΓòÉΓòÉΓòÉΓòÉΓòÉΓòÉΓòÉΓòÉΓòÉΓòÉΓòÉΓòÉΓòÉΓòÉΓòÉΓòÉΓòÉΓòÉΓòÉΓòÉΓòÉΓòÉΓòÉΓòÉΓòÉΓòÉΓòÉΓòÉΓòÉΓòÉΓòÉΓòÉΓòÉΓòÉΓòÉΓòÉΓòÉΓòÉΓòÉΓòÉΓò¥

  3) [chromium] ΓÇ║ tests\e2e\camera-controls.spec.js:92:5 ΓÇ║ Camera & Time Controls ΓÇ║ should toggle camera view 

    Error: browserType.launch: Executable doesn't exist at C:\Users\mehna\AppData\Local\ms-playwright\chromium_headless_shell-1208\chrome-headless-shell-win64\chrome-headless-shell.exe
    ΓòöΓòÉΓòÉΓòÉΓòÉΓòÉΓòÉΓòÉΓòÉΓòÉΓòÉΓòÉΓòÉΓòÉΓòÉΓòÉΓòÉΓòÉΓòÉΓòÉΓòÉΓòÉΓòÉΓòÉΓòÉΓòÉΓòÉΓòÉΓòÉΓòÉΓòÉΓòÉΓòÉΓòÉΓòÉΓòÉΓòÉΓòÉΓòÉΓòÉΓòÉΓòÉΓòÉΓòÉΓòÉΓòÉΓòÉΓòÉΓòÉΓòÉΓòÉΓòÉΓòÉΓòÉΓòÉΓòÉΓòÉΓòÉΓòÉΓòÉΓòÉΓòÉΓòÉΓòÉΓòÉΓòÉΓòÉΓòÉΓòÉΓòÉΓòÉΓòÉΓòÉΓòÉΓòù
    Γòæ Looks like Playwright Test or Playwright was just installed or updated. Γòæ
    Γòæ Please run the following command to download new browsers:              Γòæ
    Γòæ                                                                         Γòæ
    Γòæ     npx playwright install                                              Γòæ
    Γòæ                                                                         Γòæ
    Γòæ <3 Playwright Team                                                      Γòæ
    ΓòÜΓòÉΓòÉΓòÉΓòÉΓòÉΓòÉΓòÉΓòÉΓòÉΓòÉΓòÉΓòÉΓòÉΓòÉΓòÉΓòÉΓòÉΓòÉΓòÉΓòÉΓòÉΓòÉΓòÉΓòÉΓòÉΓòÉΓòÉΓòÉΓòÉΓòÉΓòÉΓòÉΓòÉΓòÉΓòÉΓòÉΓòÉΓòÉΓòÉΓòÉΓòÉΓòÉΓòÉΓòÉΓòÉΓòÉΓòÉΓòÉΓòÉΓòÉΓòÉΓòÉΓòÉΓòÉΓòÉΓòÉΓòÉΓòÉΓòÉΓòÉΓòÉΓòÉΓòÉΓòÉΓòÉΓòÉΓòÉΓòÉΓòÉΓòÉΓòÉΓòÉΓòÉΓò¥

  4) [chromium] ΓÇ║ tests\e2e\camera-controls.spec.js:110:5 ΓÇ║ Camera & Time Controls ΓÇ║ should reset view 

    Error: browserType.launch: Executable doesn't exist at C:\Users\mehna\AppData\Local\ms-playwright\chromium_headless_shell-1208\chrome-headless-shell-win64\chrome-headless-shell.exe
    ΓòöΓòÉΓòÉΓòÉΓòÉΓòÉΓòÉΓòÉΓòÉΓòÉΓòÉΓòÉΓòÉΓòÉΓòÉΓòÉΓòÉΓòÉΓòÉΓòÉΓòÉΓòÉΓòÉΓòÉΓòÉΓòÉΓòÉΓòÉΓòÉΓòÉΓòÉΓòÉΓòÉΓòÉΓòÉΓòÉΓòÉΓòÉΓòÉΓòÉΓòÉΓòÉΓòÉΓòÉΓòÉΓòÉΓòÉΓòÉΓòÉΓòÉΓòÉΓòÉΓòÉΓòÉΓòÉΓòÉΓòÉΓòÉΓòÉΓòÉΓòÉΓòÉΓòÉΓòÉΓòÉΓòÉΓòÉΓòÉΓòÉΓòÉΓòÉΓòÉΓòÉΓòÉΓòù
    Γòæ Looks like Playwright Test or Playwright was just installed or updated. Γòæ
    Γòæ Please run the following command to download new browsers:              Γòæ
    Γòæ                                                                         Γòæ
    Γòæ     npx playwright install                                              Γòæ
    Γòæ                                                                         Γòæ
    Γòæ <3 Playwright Team                                                      Γòæ
    ΓòÜΓòÉΓòÉΓòÉΓòÉΓòÉΓòÉΓòÉΓòÉΓòÉΓòÉΓòÉΓòÉΓòÉΓòÉΓòÉΓòÉΓòÉΓòÉΓòÉΓòÉΓòÉΓòÉΓòÉΓòÉΓòÉΓòÉΓòÉΓòÉΓòÉΓòÉΓòÉΓòÉΓòÉΓòÉΓòÉΓòÉΓòÉΓòÉΓòÉΓòÉΓòÉΓòÉΓòÉΓòÉΓòÉΓòÉΓòÉΓòÉΓòÉΓòÉΓòÉΓòÉΓòÉΓòÉΓòÉΓòÉΓòÉΓòÉΓòÉΓòÉΓòÉΓòÉΓòÉΓòÉΓòÉΓòÉΓòÉΓòÉΓòÉΓòÉΓòÉΓòÉΓòÉΓò¥

  5) [chromium] ΓÇ║ tests\e2e\camera-controls.spec.js:123:5 ΓÇ║ Camera & Time Controls ΓÇ║ should toggle textures via bottom dock button 

    Error: browserType.launch: Executable doesn't exist at C:\Users\mehna\AppData\Local\ms-playwright\chromium_headless_shell-1208\chrome-headless-shell-win64\chrome-headless-shell.exe
    ΓòöΓòÉΓòÉΓòÉΓòÉΓòÉΓòÉΓòÉΓòÉΓòÉΓòÉΓòÉΓòÉΓòÉΓòÉΓòÉΓòÉΓòÉΓòÉΓòÉΓòÉΓòÉΓòÉΓòÉΓòÉΓòÉΓòÉΓòÉΓòÉΓòÉΓòÉΓòÉΓòÉΓòÉΓòÉΓòÉΓòÉΓòÉΓòÉΓòÉΓòÉΓòÉΓòÉΓòÉΓòÉΓòÉΓòÉΓòÉΓòÉΓòÉΓòÉΓòÉΓòÉΓòÉΓòÉΓòÉΓòÉΓòÉΓòÉΓòÉΓòÉΓòÉΓòÉΓòÉΓòÉΓòÉΓòÉΓòÉΓòÉΓòÉΓòÉΓòÉΓòÉΓòÉΓòù
    Γòæ Looks like Playwright Test or Playwright was just installed or updated. Γòæ
    Γòæ Please run the following command to download new browsers:              Γòæ
    Γòæ                                                                         Γòæ
    Γòæ     npx playwright install                                              Γòæ
    Γòæ                                                                         Γòæ
    Γòæ <3 Playwright Team                                                      Γòæ
    ΓòÜΓòÉΓòÉΓòÉΓòÉΓòÉΓòÉΓòÉΓòÉΓòÉΓòÉΓòÉΓòÉΓòÉΓòÉΓòÉΓòÉΓòÉΓòÉΓòÉΓòÉΓòÉΓòÉΓòÉΓòÉΓòÉΓòÉΓòÉΓòÉΓòÉΓòÉΓòÉΓòÉΓòÉΓòÉΓòÉΓòÉΓòÉΓòÉΓòÉΓòÉΓòÉΓòÉΓòÉΓòÉΓòÉΓòÉΓòÉΓòÉΓòÉΓòÉΓòÉΓòÉΓòÉΓòÉΓòÉΓòÉΓòÉΓòÉΓòÉΓòÉΓòÉΓòÉΓòÉΓòÉΓòÉΓòÉΓòÉΓòÉΓòÉΓòÉΓòÉΓòÉΓòÉΓò¥

  6) [chromium] ΓÇ║ tests\e2e\camera-controls.spec.js:141:5 ΓÇ║ Camera & Time Controls ΓÇ║ should toggle labels via button 

    Error: browserType.launch: Executable doesn't exist at C:\Users\mehna\AppData\Local\ms-playwright\chromium_headless_shell-1208\chrome-headless-shell-win64\chrome-headless-shell.exe
    ΓòöΓòÉΓòÉΓòÉΓòÉΓòÉΓòÉΓòÉΓòÉΓòÉΓòÉΓòÉΓòÉΓòÉΓòÉΓòÉΓòÉΓòÉΓòÉΓòÉΓòÉΓòÉΓòÉΓòÉΓòÉΓòÉΓòÉΓòÉΓòÉΓòÉΓòÉΓòÉΓòÉΓòÉΓòÉΓòÉΓòÉΓòÉΓòÉΓòÉΓòÉΓòÉΓòÉΓòÉΓòÉΓòÉΓòÉΓòÉΓòÉΓòÉΓòÉΓòÉΓòÉΓòÉΓòÉΓòÉΓòÉΓòÉΓòÉΓòÉΓòÉΓòÉΓòÉΓòÉΓòÉΓòÉΓòÉΓòÉΓòÉΓòÉΓòÉΓòÉΓòÉΓòÉΓòù
    Γòæ Looks like Playwright Test or Playwright was just installed or updated. Γòæ
    Γòæ Please run the following command to download new browsers:              Γòæ
    Γòæ                                                                         Γòæ
    Γòæ     npx playwright install                                              Γòæ
    Γòæ                                                                         Γòæ
    Γòæ <3 Playwright Team                                                      Γòæ
    ΓòÜΓòÉΓòÉΓòÉΓòÉΓòÉΓòÉΓòÉΓòÉΓòÉΓòÉΓòÉΓòÉΓòÉΓòÉΓòÉΓòÉΓòÉΓòÉΓòÉΓòÉΓòÉΓòÉΓòÉΓòÉΓòÉΓòÉΓòÉΓòÉΓòÉΓòÉΓòÉΓòÉΓòÉΓòÉΓòÉΓòÉΓòÉΓòÉΓòÉΓòÉΓòÉΓòÉΓòÉΓòÉΓòÉΓòÉΓòÉΓòÉΓòÉΓòÉΓòÉΓòÉΓòÉΓòÉΓòÉΓòÉΓòÉΓòÉΓòÉΓòÉΓòÉΓòÉΓòÉΓòÉΓòÉΓòÉΓòÉΓòÉΓòÉΓòÉΓòÉΓòÉΓòÉΓò¥

  7) [chromium] ΓÇ║ tests\e2e\camera-controls.spec.js:155:5 ΓÇ║ Camera & Time Controls ΓÇ║ should toggle orbits via button 

    Error: browserType.launch: Executable doesn't exist at C:\Users\mehna\AppData\Local\ms-playwright\chromium_headless_shell-1208\chrome-headless-shell-win64\chrome-headless-shell.exe
    ΓòöΓòÉΓòÉΓòÉΓòÉΓòÉΓòÉΓòÉΓòÉΓòÉΓòÉΓòÉΓòÉΓòÉΓòÉΓòÉΓòÉΓòÉΓòÉΓòÉΓòÉΓòÉΓòÉΓòÉΓòÉΓòÉΓòÉΓòÉΓòÉΓòÉΓòÉΓòÉΓòÉΓòÉΓòÉΓòÉΓòÉΓòÉΓòÉΓòÉΓòÉΓòÉΓòÉΓòÉΓòÉΓòÉΓòÉΓòÉΓòÉΓòÉΓòÉΓòÉΓòÉΓòÉΓòÉΓòÉΓòÉΓòÉΓòÉΓòÉΓòÉΓòÉΓòÉΓòÉΓòÉΓòÉΓòÉΓòÉΓòÉΓòÉΓòÉΓòÉΓòÉΓòÉΓòù
    Γòæ Looks like Playwright Test or Playwright was just installed or updated. Γòæ
    Γòæ Please run the following command to download new browsers:              Γòæ
    Γòæ                                                                         Γòæ
    Γòæ     npx playwright install                                              Γòæ
    Γòæ                                                                         Γòæ
    Γòæ <3 Playwright Team                                                      Γòæ
    ΓòÜΓòÉΓòÉΓòÉΓòÉΓòÉΓòÉΓòÉΓòÉΓòÉΓòÉΓòÉΓòÉΓòÉΓòÉΓòÉΓòÉΓòÉΓòÉΓòÉΓòÉΓòÉΓòÉΓòÉΓòÉΓòÉΓòÉΓòÉΓòÉΓòÉΓòÉΓòÉΓòÉΓòÉΓòÉΓòÉΓòÉΓòÉΓòÉΓòÉΓòÉΓòÉΓòÉΓòÉΓòÉΓòÉΓòÉΓòÉΓòÉΓòÉΓòÉΓòÉΓòÉΓòÉΓòÉΓòÉΓòÉΓòÉΓòÉΓòÉΓòÉΓòÉΓòÉΓòÉΓòÉΓòÉΓòÉΓòÉΓòÉΓòÉΓòÉΓòÉΓòÉΓòÉΓò¥

  8) [chromium] ΓÇ║ tests\e2e\camera-controls.spec.js:170:5 ΓÇ║ Camera & Time Controls ΓÇ║ should follow selected object 

    Error: browserType.launch: Executable doesn't exist at C:\Users\mehna\AppData\Local\ms-playwright\chromium_headless_shell-1208\chrome-headless-shell-win64\chrome-headless-shell.exe
    ΓòöΓòÉΓòÉΓòÉΓòÉΓòÉΓòÉΓòÉΓòÉΓòÉΓòÉΓòÉΓòÉΓòÉΓòÉΓòÉΓòÉΓòÉΓòÉΓòÉΓòÉΓòÉΓòÉΓòÉΓòÉΓòÉΓòÉΓòÉΓòÉΓòÉΓòÉΓòÉΓòÉΓòÉΓòÉΓòÉΓòÉΓòÉΓòÉΓòÉΓòÉΓòÉΓòÉΓòÉΓòÉΓòÉΓòÉΓòÉΓòÉΓòÉΓòÉΓòÉΓòÉΓòÉΓòÉΓòÉΓòÉΓòÉΓòÉΓòÉΓòÉΓòÉΓòÉΓòÉΓòÉΓòÉΓòÉΓòÉΓòÉΓòÉΓòÉΓòÉΓòÉΓòÉΓòù
    Γòæ Looks like Playwright Test or Playwright was just installed or updated. Γòæ
    Γòæ Please run the following command to download new browsers:              Γòæ
    Γòæ                                                                         Γòæ
    Γòæ     npx playwright install                                              Γòæ
    Γòæ                                                                         Γòæ
    Γòæ <3 Playwright Team                                                      Γòæ
    ΓòÜΓòÉΓòÉΓòÉΓòÉΓòÉΓòÉΓòÉΓòÉΓòÉΓòÉΓòÉΓòÉΓòÉΓòÉΓòÉΓòÉΓòÉΓòÉΓòÉΓòÉΓòÉΓòÉΓòÉΓòÉΓòÉΓòÉΓòÉΓòÉΓòÉΓòÉΓòÉΓòÉΓòÉΓòÉΓòÉΓòÉΓòÉΓòÉΓòÉΓòÉΓòÉΓòÉΓòÉΓòÉΓòÉΓòÉΓòÉΓòÉΓòÉΓòÉΓòÉΓòÉΓòÉΓòÉΓòÉΓòÉΓòÉΓòÉΓòÉΓòÉΓòÉΓòÉΓòÉΓòÉΓòÉΓòÉΓòÉΓòÉΓòÉΓòÉΓòÉΓòÉΓòÉΓò¥

  9) [chromium] ΓÇ║ tests\e2e\command-palette.spec.ts:5:5 ΓÇ║ Command Palette Shortcut ΓÇ║ should toggle command palette with Cmd+K / Ctrl+K 

    Error: browserType.launch: Executable doesn't exist at C:\Users\mehna\AppData\Local\ms-playwright\chromium_headless_shell-1208\chrome-headless-shell-win64\chrome-headless-shell.exe
    ΓòöΓòÉΓòÉΓòÉΓòÉΓòÉΓòÉΓòÉΓòÉΓòÉΓòÉΓòÉΓòÉΓòÉΓòÉΓòÉΓòÉΓòÉΓòÉΓòÉΓòÉΓòÉΓòÉΓòÉΓòÉΓòÉΓòÉΓòÉΓòÉΓòÉΓòÉΓòÉΓòÉΓòÉΓòÉΓòÉΓòÉΓòÉΓòÉΓòÉΓòÉΓòÉΓòÉΓòÉΓòÉΓòÉΓòÉΓòÉΓòÉΓòÉΓòÉΓòÉΓòÉΓòÉΓòÉΓòÉΓòÉΓòÉΓòÉΓòÉΓòÉΓòÉΓòÉΓòÉΓòÉΓòÉΓòÉΓòÉΓòÉΓòÉΓòÉΓòÉΓòÉΓòÉΓòù
    Γòæ Looks like Playwright Test or Playwright was just installed or updated. Γòæ
    Γòæ Please run the following command to download new browsers:              Γòæ
    Γòæ                                                                         Γòæ
    Γòæ     npx playwright install                                              Γòæ
    Γòæ                                                                         Γòæ
    Γòæ <3 Playwright Team                                                      Γòæ
    ΓòÜΓòÉΓòÉΓòÉΓòÉΓòÉΓòÉΓòÉΓòÉΓòÉΓòÉΓòÉΓòÉΓòÉΓòÉΓòÉΓòÉΓòÉΓòÉΓòÉΓòÉΓòÉΓòÉΓòÉΓòÉΓòÉΓòÉΓòÉΓòÉΓòÉΓòÉΓòÉΓòÉΓòÉΓòÉΓòÉΓòÉΓòÉΓòÉΓòÉΓòÉΓòÉΓòÉΓòÉΓòÉΓòÉΓòÉΓòÉΓòÉΓòÉΓòÉΓòÉΓòÉΓòÉΓòÉΓòÉΓòÉΓòÉΓòÉΓòÉΓòÉΓòÉΓòÉΓòÉΓòÉΓòÉΓòÉΓòÉΓòÉΓòÉΓòÉΓòÉΓòÉΓòÉΓò¥

  10) [chromium] ΓÇ║ tests\e2e\help-modal.spec.js:26:5 ΓÇ║ Help Modal ΓÇ║ should open help modal via button 

    Error: browserType.launch: Executable doesn't exist at C:\Users\mehna\AppData\Local\ms-playwright\chromium_headless_shell-1208\chrome-headless-shell-win64\chrome-headless-shell.exe
    ΓòöΓòÉΓòÉΓòÉΓòÉΓòÉΓòÉΓòÉΓòÉΓòÉΓòÉΓòÉΓòÉΓòÉΓòÉΓòÉΓòÉΓòÉΓòÉΓòÉΓòÉΓòÉΓòÉΓòÉΓòÉΓòÉΓòÉΓòÉΓòÉΓòÉΓòÉΓòÉΓòÉΓòÉΓòÉΓòÉΓòÉΓòÉΓòÉΓòÉΓòÉΓòÉΓòÉΓòÉΓòÉΓòÉΓòÉΓòÉΓòÉΓòÉΓòÉΓòÉΓòÉΓòÉΓòÉΓòÉΓòÉΓòÉΓòÉΓòÉΓòÉΓòÉΓòÉΓòÉΓòÉΓòÉΓòÉΓòÉΓòÉΓòÉΓòÉΓòÉΓòÉΓòÉΓòù
    Γòæ Looks like Playwright Test or Playwright was just installed or updated. Γòæ
    Γòæ Please run the following command to download new browsers:              Γòæ
    Γòæ                                                                         Γòæ
    Γòæ     npx playwright install                                              Γòæ
    Γòæ                                                                         Γòæ
    Γòæ <3 Playwright Team                                                      Γòæ
    ΓòÜΓòÉΓòÉΓòÉΓòÉΓòÉΓòÉΓòÉΓòÉΓòÉΓòÉΓòÉΓòÉΓòÉΓòÉΓòÉΓòÉΓòÉΓòÉΓòÉΓòÉΓòÉΓòÉΓòÉΓòÉΓòÉΓòÉΓòÉΓòÉΓòÉΓòÉΓòÉΓòÉΓòÉΓòÉΓòÉΓòÉΓòÉΓòÉΓòÉΓòÉΓòÉΓòÉΓòÉΓòÉΓòÉΓòÉΓòÉΓòÉΓòÉΓòÉΓòÉΓòÉΓòÉΓòÉΓòÉΓòÉΓòÉΓòÉΓòÉΓòÉΓòÉΓòÉΓòÉΓòÉΓòÉΓòÉΓòÉΓòÉΓòÉΓòÉΓòÉΓòÉΓòÉΓò¥

  11) [chromium] ΓÇ║ tests\e2e\help-modal.spec.js:38:5 ΓÇ║ Help Modal ΓÇ║ should close help modal via close button 

    Error: browserType.launch: Executable doesn't exist at C:\Users\mehna\AppData\Local\ms-playwright\chromium_headless_shell-1208\chrome-headless-shell-win64\chrome-headless-shell.exe
    ΓòöΓòÉΓòÉΓòÉΓòÉΓòÉΓòÉΓòÉΓòÉΓòÉΓòÉΓòÉΓòÉΓòÉΓòÉΓòÉΓòÉΓòÉΓòÉΓòÉΓòÉΓòÉΓòÉΓòÉΓòÉΓòÉΓòÉΓòÉΓòÉΓòÉΓòÉΓòÉΓòÉΓòÉΓòÉΓòÉΓòÉΓòÉΓòÉΓòÉΓòÉΓòÉΓòÉΓòÉΓòÉΓòÉΓòÉΓòÉΓòÉΓòÉΓòÉΓòÉΓòÉΓòÉΓòÉΓòÉΓòÉΓòÉΓòÉΓòÉΓòÉΓòÉΓòÉΓòÉΓòÉΓòÉΓòÉΓòÉΓòÉΓòÉΓòÉΓòÉΓòÉΓòÉΓòù
    Γòæ Looks like Playwright Test or Playwright was just installed or updated. Γòæ
    Γòæ Please run the following command to download new browsers:              Γòæ
    Γòæ                                                                         Γòæ
    Γòæ     npx playwright install                                              Γòæ
    Γòæ                                                                         Γòæ
    Γòæ <3 Playwright Team                                                      Γòæ
    ΓòÜΓòÉΓòÉΓòÉΓòÉΓòÉΓòÉΓòÉΓòÉΓòÉΓòÉΓòÉΓòÉΓòÉΓòÉΓòÉΓòÉΓòÉΓòÉΓòÉΓòÉΓòÉΓòÉΓòÉΓòÉΓòÉΓòÉΓòÉΓòÉΓòÉΓòÉΓòÉΓòÉΓòÉΓòÉΓòÉΓòÉΓòÉΓòÉΓòÉΓòÉΓòÉΓòÉΓòÉΓòÉΓòÉΓòÉΓòÉΓòÉΓòÉΓòÉΓòÉΓòÉΓòÉΓòÉΓòÉΓòÉΓòÉΓòÉΓòÉΓòÉΓòÉΓòÉΓòÉΓòÉΓòÉΓòÉΓòÉΓòÉΓòÉΓòÉΓòÉΓòÉΓòÉΓò¥

  12) [chromium] ΓÇ║ tests\e2e\help-modal.spec.js:55:5 ΓÇ║ Help Modal ΓÇ║ should display controls and shortcuts content 

    Error: browserType.launch: Executable doesn't exist at C:\Users\mehna\AppData\Local\ms-playwright\chromium_headless_shell-1208\chrome-headless-shell-win64\chrome-headless-shell.exe
    ΓòöΓòÉΓòÉΓòÉΓòÉΓòÉΓòÉΓòÉΓòÉΓòÉΓòÉΓòÉΓòÉΓòÉΓòÉΓòÉΓòÉΓòÉΓòÉΓòÉΓòÉΓòÉΓòÉΓòÉΓòÉΓòÉΓòÉΓòÉΓòÉΓòÉΓòÉΓòÉΓòÉΓòÉΓòÉΓòÉΓòÉΓòÉΓòÉΓòÉΓòÉΓòÉΓòÉΓòÉΓòÉΓòÉΓòÉΓòÉΓòÉΓòÉΓòÉΓòÉΓòÉΓòÉΓòÉΓòÉΓòÉΓòÉΓòÉΓòÉΓòÉΓòÉΓòÉΓòÉΓòÉΓòÉΓòÉΓòÉΓòÉΓòÉΓòÉΓòÉΓòÉΓòÉΓòù
    Γòæ Looks like Playwright Test or Playwright was just installed or updated. Γòæ
    Γòæ Please run the following command to download new browsers:              Γòæ
    Γòæ                                                                         Γòæ
    Γòæ     npx playwright install                                              Γòæ
    Γòæ                                                                         Γòæ
    Γòæ <3 Playwright Team                                                      Γòæ
    ΓòÜΓòÉΓòÉΓòÉΓòÉΓòÉΓòÉΓòÉΓòÉΓòÉΓòÉΓòÉΓòÉΓòÉΓòÉΓòÉΓòÉΓòÉΓòÉΓòÉΓòÉΓòÉΓòÉΓòÉΓòÉΓòÉΓòÉΓòÉΓòÉΓòÉΓòÉΓòÉΓòÉΓòÉΓòÉΓòÉΓòÉΓòÉΓòÉΓòÉΓòÉΓòÉΓòÉΓòÉΓòÉΓòÉΓòÉΓòÉΓòÉΓòÉΓòÉΓòÉΓòÉΓòÉΓòÉΓòÉΓòÉΓòÉΓòÉΓòÉΓòÉΓòÉΓòÉΓòÉΓòÉΓòÉΓòÉΓòÉΓòÉΓòÉΓòÉΓòÉΓòÉΓòÉΓò¥

  13) [chromium] ΓÇ║ tests\e2e\help-modal.spec.js:72:5 ΓÇ║ Help Modal ΓÇ║ should close modal with Escape key 

    Error: browserType.launch: Executable doesn't exist at C:\Users\mehna\AppData\Local\ms-playwright\chromium_headless_shell-1208\chrome-headless-shell-win64\chrome-headless-shell.exe
    ΓòöΓòÉΓòÉΓòÉΓòÉΓòÉΓòÉΓòÉΓòÉΓòÉΓòÉΓòÉΓòÉΓòÉΓòÉΓòÉΓòÉΓòÉΓòÉΓòÉΓòÉΓòÉΓòÉΓòÉΓòÉΓòÉΓòÉΓòÉΓòÉΓòÉΓòÉΓòÉΓòÉΓòÉΓòÉΓòÉΓòÉΓòÉΓòÉΓòÉΓòÉΓòÉΓòÉΓòÉΓòÉΓòÉΓòÉΓòÉΓòÉΓòÉΓòÉΓòÉΓòÉΓòÉΓòÉΓòÉΓòÉΓòÉΓòÉΓòÉΓòÉΓòÉΓòÉΓòÉΓòÉΓòÉΓòÉΓòÉΓòÉΓòÉΓòÉΓòÉΓòÉΓòÉΓòù
    Γòæ Looks like Playwright Test or Playwright was just installed or updated. Γòæ
    Γòæ Please run the following command to download new browsers:              Γòæ
    Γòæ                                                                         Γòæ
    Γòæ     npx playwright install                                              Γòæ
    Γòæ                                                                         Γòæ
    Γòæ <3 Playwright Team                                                      Γòæ
    ΓòÜΓòÉΓòÉΓòÉΓòÉΓòÉΓòÉΓòÉΓòÉΓòÉΓòÉΓòÉΓòÉΓòÉΓòÉΓòÉΓòÉΓòÉΓòÉΓòÉΓòÉΓòÉΓòÉΓòÉΓòÉΓòÉΓòÉΓòÉΓòÉΓòÉΓòÉΓòÉΓòÉΓòÉΓòÉΓòÉΓòÉΓòÉΓòÉΓòÉΓòÉΓòÉΓòÉΓòÉΓòÉΓòÉΓòÉΓòÉΓòÉΓòÉΓòÉΓòÉΓòÉΓòÉΓòÉΓòÉΓòÉΓòÉΓòÉΓòÉΓòÉΓòÉΓòÉΓòÉΓòÉΓòÉΓòÉΓòÉΓòÉΓòÉΓòÉΓòÉΓòÉΓòÉΓò¥

  14) [chromium] ΓÇ║ tests\e2e\help-modal.spec.js:88:5 ΓÇ║ Help Modal ΓÇ║ should have accessible close button 

    Error: browserType.launch: Executable doesn't exist at C:\Users\mehna\AppData\Local\ms-playwright\chromium_headless_shell-1208\chrome-headless-shell-win64\chrome-headless-shell.exe
    ΓòöΓòÉΓòÉΓòÉΓòÉΓòÉΓòÉΓòÉΓòÉΓòÉΓòÉΓòÉΓòÉΓòÉΓòÉΓòÉΓòÉΓòÉΓòÉΓòÉΓòÉΓòÉΓòÉΓòÉΓòÉΓòÉΓòÉΓòÉΓòÉΓòÉΓòÉΓòÉΓòÉΓòÉΓòÉΓòÉΓòÉΓòÉΓòÉΓòÉΓòÉΓòÉΓòÉΓòÉΓòÉΓòÉΓòÉΓòÉΓòÉΓòÉΓòÉΓòÉΓòÉΓòÉΓòÉΓòÉΓòÉΓòÉΓòÉΓòÉΓòÉΓòÉΓòÉΓòÉΓòÉΓòÉΓòÉΓòÉΓòÉΓòÉΓòÉΓòÉΓòÉΓòÉΓòù
    Γòæ Looks like Playwright Test or Playwright was just installed or updated. Γòæ
    Γòæ Please run the following command to download new browsers:              Γòæ
    Γòæ                                                                         Γòæ
    Γòæ     npx playwright install                                              Γòæ
    Γòæ                                                                         Γòæ
    Γòæ <3 Playwright Team                                                      Γòæ
    ΓòÜΓòÉΓòÉΓòÉΓòÉΓòÉΓòÉΓòÉΓòÉΓòÉΓòÉΓòÉΓòÉΓòÉΓòÉΓòÉΓòÉΓòÉΓòÉΓòÉΓòÉΓòÉΓòÉΓòÉΓòÉΓòÉΓòÉΓòÉΓòÉΓòÉΓòÉΓòÉΓòÉΓòÉΓòÉΓòÉΓòÉΓòÉΓòÉΓòÉΓòÉΓòÉΓòÉΓòÉΓòÉΓòÉΓòÉΓòÉΓòÉΓòÉΓòÉΓòÉΓòÉΓòÉΓòÉΓòÉΓòÉΓòÉΓòÉΓòÉΓòÉΓòÉΓòÉΓòÉΓòÉΓòÉΓòÉΓòÉΓòÉΓòÉΓòÉΓòÉΓòÉΓòÉΓò¥

  15) [chromium] ΓÇ║ tests\e2e\help-modal.spec.js:100:5 ΓÇ║ Help Modal ΓÇ║ should have focusable elements within modal 

    Error: browserType.launch: Executable doesn't exist at C:\Users\mehna\AppData\Local\ms-playwright\chromium_headless_shell-1208\chrome-headless-shell-win64\chrome-headless-shell.exe
    ΓòöΓòÉΓòÉΓòÉΓòÉΓòÉΓòÉΓòÉΓòÉΓòÉΓòÉΓòÉΓòÉΓòÉΓòÉΓòÉΓòÉΓòÉΓòÉΓòÉΓòÉΓòÉΓòÉΓòÉΓòÉΓòÉΓòÉΓòÉΓòÉΓòÉΓòÉΓòÉΓòÉΓòÉΓòÉΓòÉΓòÉΓòÉΓòÉΓòÉΓòÉΓòÉΓòÉΓòÉΓòÉΓòÉΓòÉΓòÉΓòÉΓòÉΓòÉΓòÉΓòÉΓòÉΓòÉΓòÉΓòÉΓòÉΓòÉΓòÉΓòÉΓòÉΓòÉΓòÉΓòÉΓòÉΓòÉΓòÉΓòÉΓòÉΓòÉΓòÉΓòÉΓòÉΓòù
    Γòæ Looks like Playwright Test or Playwright was just installed or updated. Γòæ
    Γòæ Please run the following command to download new browsers:              Γòæ
    Γòæ                                                                         Γòæ
    Γòæ     npx playwright install                                              Γòæ
    Γòæ                                                                         Γòæ
    Γòæ <3 Playwright Team                                                      Γòæ
    ΓòÜΓòÉΓòÉΓòÉΓòÉΓòÉΓòÉΓòÉΓòÉΓòÉΓòÉΓòÉΓòÉΓòÉΓòÉΓòÉΓòÉΓòÉΓòÉΓòÉΓòÉΓòÉΓòÉΓòÉΓòÉΓòÉΓòÉΓòÉΓòÉΓòÉΓòÉΓòÉΓòÉΓòÉΓòÉΓòÉΓòÉΓòÉΓòÉΓòÉΓòÉΓòÉΓòÉΓòÉΓòÉΓòÉΓòÉΓòÉΓòÉΓòÉΓòÉΓòÉΓòÉΓòÉΓòÉΓòÉΓòÉΓòÉΓòÉΓòÉΓòÉΓòÉΓòÉΓòÉΓòÉΓòÉΓòÉΓòÉΓòÉΓòÉΓòÉΓòÉΓòÉΓòÉΓò¥

  16) [chromium] ΓÇ║ tests\e2e\keyboard-shortcuts.spec.js:46:5 ΓÇ║ Keyboard Shortcuts ΓÇ║ should pause/play simulation with Space key 

    Error: browserType.launch: Executable doesn't exist at C:\Users\mehna\AppData\Local\ms-playwright\chromium_headless_shell-1208\chrome-headless-shell-win64\chrome-headless-shell.exe
    ΓòöΓòÉΓòÉΓòÉΓòÉΓòÉΓòÉΓòÉΓòÉΓòÉΓòÉΓòÉΓòÉΓòÉΓòÉΓòÉΓòÉΓòÉΓòÉΓòÉΓòÉΓòÉΓòÉΓòÉΓòÉΓòÉΓòÉΓòÉΓòÉΓòÉΓòÉΓòÉΓòÉΓòÉΓòÉΓòÉΓòÉΓòÉΓòÉΓòÉΓòÉΓòÉΓòÉΓòÉΓòÉΓòÉΓòÉΓòÉΓòÉΓòÉΓòÉΓòÉΓòÉΓòÉΓòÉΓòÉΓòÉΓòÉΓòÉΓòÉΓòÉΓòÉΓòÉΓòÉΓòÉΓòÉΓòÉΓòÉΓòÉΓòÉΓòÉΓòÉΓòÉΓòÉΓòù
    Γòæ Looks like Playwright Test or Playwright was just installed or updated. Γòæ
    Γòæ Please run the following command to download new browsers:              Γòæ
    Γòæ                                                                         Γòæ
    Γòæ     npx playwright install                                              Γòæ
    Γòæ                                                                         Γòæ
    Γòæ <3 Playwright Team                                                      Γòæ
    ΓòÜΓòÉΓòÉΓòÉΓòÉΓòÉΓòÉΓòÉΓòÉΓòÉΓòÉΓòÉΓòÉΓòÉΓòÉΓòÉΓòÉΓòÉΓòÉΓòÉΓòÉΓòÉΓòÉΓòÉΓòÉΓòÉΓòÉΓòÉΓòÉΓòÉΓòÉΓòÉΓòÉΓòÉΓòÉΓòÉΓòÉΓòÉΓòÉΓòÉΓòÉΓòÉΓòÉΓòÉΓòÉΓòÉΓòÉΓòÉΓòÉΓòÉΓòÉΓòÉΓòÉΓòÉΓòÉΓòÉΓòÉΓòÉΓòÉΓòÉΓòÉΓòÉΓòÉΓòÉΓòÉΓòÉΓòÉΓòÉΓòÉΓòÉΓòÉΓòÉΓòÉΓòÉΓò¥

  17) [chromium] ΓÇ║ tests\e2e\keyboard-shortcuts.spec.js:62:5 ΓÇ║ Keyboard Shortcuts ΓÇ║ should toggle camera with C key 

    Error: browserType.launch: Executable doesn't exist at C:\Users\mehna\AppData\Local\ms-playwright\chromium_headless_shell-1208\chrome-headless-shell-win64\chrome-headless-shell.exe
    ΓòöΓòÉΓòÉΓòÉΓòÉΓòÉΓòÉΓòÉΓòÉΓòÉΓòÉΓòÉΓòÉΓòÉΓòÉΓòÉΓòÉΓòÉΓòÉΓòÉΓòÉΓòÉΓòÉΓòÉΓòÉΓòÉΓòÉΓòÉΓòÉΓòÉΓòÉΓòÉΓòÉΓòÉΓòÉΓòÉΓòÉΓòÉΓòÉΓòÉΓòÉΓòÉΓòÉΓòÉΓòÉΓòÉΓòÉΓòÉΓòÉΓòÉΓòÉΓòÉΓòÉΓòÉΓòÉΓòÉΓòÉΓòÉΓòÉΓòÉΓòÉΓòÉΓòÉΓòÉΓòÉΓòÉΓòÉΓòÉΓòÉΓòÉΓòÉΓòÉΓòÉΓòÉΓòù
    Γòæ Looks like Playwright Test or Playwright was just installed or updated. Γòæ
    Γòæ Please run the following command to download new browsers:              Γòæ
    Γòæ                                                                         Γòæ
    Γòæ     npx playwright install                                              Γòæ
    Γòæ                                                                         Γòæ
    Γòæ <3 Playwright Team                                                      Γòæ
    ΓòÜΓòÉΓòÉΓòÉΓòÉΓòÉΓòÉΓòÉΓòÉΓòÉΓòÉΓòÉΓòÉΓòÉΓòÉΓòÉΓòÉΓòÉΓòÉΓòÉΓòÉΓòÉΓòÉΓòÉΓòÉΓòÉΓòÉΓòÉΓòÉΓòÉΓòÉΓòÉΓòÉΓòÉΓòÉΓòÉΓòÉΓòÉΓòÉΓòÉΓòÉΓòÉΓòÉΓòÉΓòÉΓòÉΓòÉΓòÉΓòÉΓòÉΓòÉΓòÉΓòÉΓòÉΓòÉΓòÉΓòÉΓòÉΓòÉΓòÉΓòÉΓòÉΓòÉΓòÉΓòÉΓòÉΓòÉΓòÉΓòÉΓòÉΓòÉΓòÉΓòÉΓòÉΓò¥

  18) [chromium] ΓÇ║ tests\e2e\keyboard-shortcuts.spec.js:80:5 ΓÇ║ Keyboard Shortcuts ΓÇ║ should toggle textures with T key 

    Error: browserType.launch: Executable doesn't exist at C:\Users\mehna\AppData\Local\ms-playwright\chromium_headless_shell-1208\chrome-headless-shell-win64\chrome-headless-shell.exe
    ΓòöΓòÉΓòÉΓòÉΓòÉΓòÉΓòÉΓòÉΓòÉΓòÉΓòÉΓòÉΓòÉΓòÉΓòÉΓòÉΓòÉΓòÉΓòÉΓòÉΓòÉΓòÉΓòÉΓòÉΓòÉΓòÉΓòÉΓòÉΓòÉΓòÉΓòÉΓòÉΓòÉΓòÉΓòÉΓòÉΓòÉΓòÉΓòÉΓòÉΓòÉΓòÉΓòÉΓòÉΓòÉΓòÉΓòÉΓòÉΓòÉΓòÉΓòÉΓòÉΓòÉΓòÉΓòÉΓòÉΓòÉΓòÉΓòÉΓòÉΓòÉΓòÉΓòÉΓòÉΓòÉΓòÉΓòÉΓòÉΓòÉΓòÉΓòÉΓòÉΓòÉΓòÉΓòù
    Γòæ Looks like Playwright Test or Playwright was just installed or updated. Γòæ
    Γòæ Please run the following command to download new browsers:              Γòæ
    Γòæ                                                                         Γòæ
    Γòæ     npx playwright install                                              Γòæ
    Γòæ                                                                         Γòæ
    Γòæ <3 Playwright Team                                                      Γòæ
    ΓòÜΓòÉΓòÉΓòÉΓòÉΓòÉΓòÉΓòÉΓòÉΓòÉΓòÉΓòÉΓòÉΓòÉΓòÉΓòÉΓòÉΓòÉΓòÉΓòÉΓòÉΓòÉΓòÉΓòÉΓòÉΓòÉΓòÉΓòÉΓòÉΓòÉΓòÉΓòÉΓòÉΓòÉΓòÉΓòÉΓòÉΓòÉΓòÉΓòÉΓòÉΓòÉΓòÉΓòÉΓòÉΓòÉΓòÉΓòÉΓòÉΓòÉΓòÉΓòÉΓòÉΓòÉΓòÉΓòÉΓòÉΓòÉΓòÉΓòÉΓòÉΓòÉΓòÉΓòÉΓòÉΓòÉΓòÉΓòÉΓòÉΓòÉΓòÉΓòÉΓòÉΓòÉΓò¥

  19) [chromium] ΓÇ║ tests\e2e\keyboard-shortcuts.spec.js:98:5 ΓÇ║ Keyboard Shortcuts ΓÇ║ should toggle labels with L key 

    Error: browserType.launch: Executable doesn't exist at C:\Users\mehna\AppData\Local\ms-playwright\chromium_headless_shell-1208\chrome-headless-shell-win64\chrome-headless-shell.exe
    ΓòöΓòÉΓòÉΓòÉΓòÉΓòÉΓòÉΓòÉΓòÉΓòÉΓòÉΓòÉΓòÉΓòÉΓòÉΓòÉΓòÉΓòÉΓòÉΓòÉΓòÉΓòÉΓòÉΓòÉΓòÉΓòÉΓòÉΓòÉΓòÉΓòÉΓòÉΓòÉΓòÉΓòÉΓòÉΓòÉΓòÉΓòÉΓòÉΓòÉΓòÉΓòÉΓòÉΓòÉΓòÉΓòÉΓòÉΓòÉΓòÉΓòÉΓòÉΓòÉΓòÉΓòÉΓòÉΓòÉΓòÉΓòÉΓòÉΓòÉΓòÉΓòÉΓòÉΓòÉΓòÉΓòÉΓòÉΓòÉΓòÉΓòÉΓòÉΓòÉΓòÉΓòÉΓòù
    Γòæ Looks like Playwright Test or Playwright was just installed or updated. Γòæ
    Γòæ Please run the following command to download new browsers:              Γòæ
    Γòæ                                                                         Γòæ
    Γòæ     npx playwright install                                              Γòæ
    Γòæ                                                                         Γòæ
    Γòæ <3 Playwright Team                                                      Γòæ
    ΓòÜΓòÉΓòÉΓòÉΓòÉΓòÉΓòÉΓòÉΓòÉΓòÉΓòÉΓòÉΓòÉΓòÉΓòÉΓòÉΓòÉΓòÉΓòÉΓòÉΓòÉΓòÉΓòÉΓòÉΓòÉΓòÉΓòÉΓòÉΓòÉΓòÉΓòÉΓòÉΓòÉΓòÉΓòÉΓòÉΓòÉΓòÉΓòÉΓòÉΓòÉΓòÉΓòÉΓòÉΓòÉΓòÉΓòÉΓòÉΓòÉΓòÉΓòÉΓòÉΓòÉΓòÉΓòÉΓòÉΓòÉΓòÉΓòÉΓòÉΓòÉΓòÉΓòÉΓòÉΓòÉΓòÉΓòÉΓòÉΓòÉΓòÉΓòÉΓòÉΓòÉΓòÉΓò¥

  20) [chromium] ΓÇ║ tests\e2e\keyboard-shortcuts.spec.js:112:5 ΓÇ║ Keyboard Shortcuts ΓÇ║ should toggle orbits with O key 

    Error: browserType.launch: Executable doesn't exist at C:\Users\mehna\AppData\Local\ms-playwright\chromium_headless_shell-1208\chrome-headless-shell-win64\chrome-headless-shell.exe
    ΓòöΓòÉΓòÉΓòÉΓòÉΓòÉΓòÉΓòÉΓòÉΓòÉΓòÉΓòÉΓòÉΓòÉΓòÉΓòÉΓòÉΓòÉΓòÉΓòÉΓòÉΓòÉΓòÉΓòÉΓòÉΓòÉΓòÉΓòÉΓòÉΓòÉΓòÉΓòÉΓòÉΓòÉΓòÉΓòÉΓòÉΓòÉΓòÉΓòÉΓòÉΓòÉΓòÉΓòÉΓòÉΓòÉΓòÉΓòÉΓòÉΓòÉΓòÉΓòÉΓòÉΓòÉΓòÉΓòÉΓòÉΓòÉΓòÉΓòÉΓòÉΓòÉΓòÉΓòÉΓòÉΓòÉΓòÉΓòÉΓòÉΓòÉΓòÉΓòÉΓòÉΓòÉΓòù
    Γòæ Looks like Playwright Test or Playwright was just installed or updated. Γòæ
    Γòæ Please run the following command to download new browsers:              Γòæ
    Γòæ                                                                         Γòæ
    Γòæ     npx playwright install                                              Γòæ
    Γòæ                                                                         Γòæ
    Γòæ <3 Playwright Team                                                      Γòæ
    ΓòÜΓòÉΓòÉΓòÉΓòÉΓòÉΓòÉΓòÉΓòÉΓòÉΓòÉΓòÉΓòÉΓòÉΓòÉΓòÉΓòÉΓòÉΓòÉΓòÉΓòÉΓòÉΓòÉΓòÉΓòÉΓòÉΓòÉΓòÉΓòÉΓòÉΓòÉΓòÉΓòÉΓòÉΓòÉΓòÉΓòÉΓòÉΓòÉΓòÉΓòÉΓòÉΓòÉΓòÉΓòÉΓòÉΓòÉΓòÉΓòÉΓòÉΓòÉΓòÉΓòÉΓòÉΓòÉΓòÉΓòÉΓòÉΓòÉΓòÉΓòÉΓòÉΓòÉΓòÉΓòÉΓòÉΓòÉΓòÉΓòÉΓòÉΓòÉΓòÉΓòÉΓòÉΓò¥

  21) [chromium] ΓÇ║ tests\e2e\keyboard-shortcuts.spec.js:126:5 ΓÇ║ Keyboard Shortcuts ΓÇ║ should close sidebar with Escape key 

    Error: browserType.launch: Executable doesn't exist at C:\Users\mehna\AppData\Local\ms-playwright\chromium_headless_shell-1208\chrome-headless-shell-win64\chrome-headless-shell.exe
    ΓòöΓòÉΓòÉΓòÉΓòÉΓòÉΓòÉΓòÉΓòÉΓòÉΓòÉΓòÉΓòÉΓòÉΓòÉΓòÉΓòÉΓòÉΓòÉΓòÉΓòÉΓòÉΓòÉΓòÉΓòÉΓòÉΓòÉΓòÉΓòÉΓòÉΓòÉΓòÉΓòÉΓòÉΓòÉΓòÉΓòÉΓòÉΓòÉΓòÉΓòÉΓòÉΓòÉΓòÉΓòÉΓòÉΓòÉΓòÉΓòÉΓòÉΓòÉΓòÉΓòÉΓòÉΓòÉΓòÉΓòÉΓòÉΓòÉΓòÉΓòÉΓòÉΓòÉΓòÉΓòÉΓòÉΓòÉΓòÉΓòÉΓòÉΓòÉΓòÉΓòÉΓòÉΓòù
    Γòæ Looks like Playwright Test or Playwright was just installed or updated. Γòæ
    Γòæ Please run the following command to download new browsers:              Γòæ
    Γòæ                                                                         Γòæ
    Γòæ     npx playwright install                                              Γòæ
    Γòæ                                                                         Γòæ
    Γòæ <3 Playwright Team                                                      Γòæ
    ΓòÜΓòÉΓòÉΓòÉΓòÉΓòÉΓòÉΓòÉΓòÉΓòÉΓòÉΓòÉΓòÉΓòÉΓòÉΓòÉΓòÉΓòÉΓòÉΓòÉΓòÉΓòÉΓòÉΓòÉΓòÉΓòÉΓòÉΓòÉΓòÉΓòÉΓòÉΓòÉΓòÉΓòÉΓòÉΓòÉΓòÉΓòÉΓòÉΓòÉΓòÉΓòÉΓòÉΓòÉΓòÉΓòÉΓòÉΓòÉΓòÉΓòÉΓòÉΓòÉΓòÉΓòÉΓòÉΓòÉΓòÉΓòÉΓòÉΓòÉΓòÉΓòÉΓòÉΓòÉΓòÉΓòÉΓòÉΓòÉΓòÉΓòÉΓòÉΓòÉΓòÉΓòÉΓò¥

  22) [chromium] ΓÇ║ tests\e2e\keyboard-shortcuts.spec.js:149:5 ΓÇ║ Keyboard Shortcuts ΓÇ║ should open command palette with Cmd+K / Ctrl+K 

    Error: browserType.launch: Executable doesn't exist at C:\Users\mehna\AppData\Local\ms-playwright\chromium_headless_shell-1208\chrome-headless-shell-win64\chrome-headless-shell.exe
    ΓòöΓòÉΓòÉΓòÉΓòÉΓòÉΓòÉΓòÉΓòÉΓòÉΓòÉΓòÉΓòÉΓòÉΓòÉΓòÉΓòÉΓòÉΓòÉΓòÉΓòÉΓòÉΓòÉΓòÉΓòÉΓòÉΓòÉΓòÉΓòÉΓòÉΓòÉΓòÉΓòÉΓòÉΓòÉΓòÉΓòÉΓòÉΓòÉΓòÉΓòÉΓòÉΓòÉΓòÉΓòÉΓòÉΓòÉΓòÉΓòÉΓòÉΓòÉΓòÉΓòÉΓòÉΓòÉΓòÉΓòÉΓòÉΓòÉΓòÉΓòÉΓòÉΓòÉΓòÉΓòÉΓòÉΓòÉΓòÉΓòÉΓòÉΓòÉΓòÉΓòÉΓòÉΓòù
    Γòæ Looks like Playwright Test or Playwright was just installed or updated. Γòæ
    Γòæ Please run the following command to download new browsers:              Γòæ
    Γòæ                                                                         Γòæ
    Γòæ     npx playwright install                                              Γòæ
    Γòæ                                                                         Γòæ
    Γòæ <3 Playwright Team                                                      Γòæ
    ΓòÜΓòÉΓòÉΓòÉΓòÉΓòÉΓòÉΓòÉΓòÉΓòÉΓòÉΓòÉΓòÉΓòÉΓòÉΓòÉΓòÉΓòÉΓòÉΓòÉΓòÉΓòÉΓòÉΓòÉΓòÉΓòÉΓòÉΓòÉΓòÉΓòÉΓòÉΓòÉΓòÉΓòÉΓòÉΓòÉΓòÉΓòÉΓòÉΓòÉΓòÉΓòÉΓòÉΓòÉΓòÉΓòÉΓòÉΓòÉΓòÉΓòÉΓòÉΓòÉΓòÉΓòÉΓòÉΓòÉΓòÉΓòÉΓòÉΓòÉΓòÉΓòÉΓòÉΓòÉΓòÉΓòÉΓòÉΓòÉΓòÉΓòÉΓòÉΓòÉΓòÉΓòÉΓò¥

  23) [chromium] ΓÇ║ tests\e2e\keyboard-shortcuts.spec.js:163:5 ΓÇ║ Keyboard Shortcuts ΓÇ║ should open settings with comma key 

    Error: browserType.launch: Executable doesn't exist at C:\Users\mehna\AppData\Local\ms-playwright\chromium_headless_shell-1208\chrome-headless-shell-win64\chrome-headless-shell.exe
    ΓòöΓòÉΓòÉΓòÉΓòÉΓòÉΓòÉΓòÉΓòÉΓòÉΓòÉΓòÉΓòÉΓòÉΓòÉΓòÉΓòÉΓòÉΓòÉΓòÉΓòÉΓòÉΓòÉΓòÉΓòÉΓòÉΓòÉΓòÉΓòÉΓòÉΓòÉΓòÉΓòÉΓòÉΓòÉΓòÉΓòÉΓòÉΓòÉΓòÉΓòÉΓòÉΓòÉΓòÉΓòÉΓòÉΓòÉΓòÉΓòÉΓòÉΓòÉΓòÉΓòÉΓòÉΓòÉΓòÉΓòÉΓòÉΓòÉΓòÉΓòÉΓòÉΓòÉΓòÉΓòÉΓòÉΓòÉΓòÉΓòÉΓòÉΓòÉΓòÉΓòÉΓòÉΓòù
    Γòæ Looks like Playwright Test or Playwright was just installed or updated. Γòæ
    Γòæ Please run the following command to download new browsers:              Γòæ
    Γòæ                                                                         Γòæ
    Γòæ     npx playwright install                                              Γòæ
    Γòæ                                                                         Γòæ
    Γòæ <3 Playwright Team                                                      Γòæ
    ΓòÜΓòÉΓòÉΓòÉΓòÉΓòÉΓòÉΓòÉΓòÉΓòÉΓòÉΓòÉΓòÉΓòÉΓòÉΓòÉΓòÉΓòÉΓòÉΓòÉΓòÉΓòÉΓòÉΓòÉΓòÉΓòÉΓòÉΓòÉΓòÉΓòÉΓòÉΓòÉΓòÉΓòÉΓòÉΓòÉΓòÉΓòÉΓòÉΓòÉΓòÉΓòÉΓòÉΓòÉΓòÉΓòÉΓòÉΓòÉΓòÉΓòÉΓòÉΓòÉΓòÉΓòÉΓòÉΓòÉΓòÉΓòÉΓòÉΓòÉΓòÉΓòÉΓòÉΓòÉΓòÉΓòÉΓòÉΓòÉΓòÉΓòÉΓòÉΓòÉΓòÉΓòÉΓò¥

  24) [chromium] ΓÇ║ tests\e2e\keyboard-shortcuts.spec.js:177:5 ΓÇ║ Keyboard Shortcuts ΓÇ║ should open help modal with ? key 

    Error: browserType.launch: Executable doesn't exist at C:\Users\mehna\AppData\Local\ms-playwright\chromium_headless_shell-1208\chrome-headless-shell-win64\chrome-headless-shell.exe
    ΓòöΓòÉΓòÉΓòÉΓòÉΓòÉΓòÉΓòÉΓòÉΓòÉΓòÉΓòÉΓòÉΓòÉΓòÉΓòÉΓòÉΓòÉΓòÉΓòÉΓòÉΓòÉΓòÉΓòÉΓòÉΓòÉΓòÉΓòÉΓòÉΓòÉΓòÉΓòÉΓòÉΓòÉΓòÉΓòÉΓòÉΓòÉΓòÉΓòÉΓòÉΓòÉΓòÉΓòÉΓòÉΓòÉΓòÉΓòÉΓòÉΓòÉΓòÉΓòÉΓòÉΓòÉΓòÉΓòÉΓòÉΓòÉΓòÉΓòÉΓòÉΓòÉΓòÉΓòÉΓòÉΓòÉΓòÉΓòÉΓòÉΓòÉΓòÉΓòÉΓòÉΓòÉΓòù
    Γòæ Looks like Playwright Test or Playwright was just installed or updated. Γòæ
    Γòæ Please run the following command to download new browsers:              Γòæ
    Γòæ                                                                         Γòæ
    Γòæ     npx playwright install                                              Γòæ
    Γòæ                                                                         Γòæ
    Γòæ <3 Playwright Team                                                      Γòæ
    ΓòÜΓòÉΓòÉΓòÉΓòÉΓòÉΓòÉΓòÉΓòÉΓòÉΓòÉΓòÉΓòÉΓòÉΓòÉΓòÉΓòÉΓòÉΓòÉΓòÉΓòÉΓòÉΓòÉΓòÉΓòÉΓòÉΓòÉΓòÉΓòÉΓòÉΓòÉΓòÉΓòÉΓòÉΓòÉΓòÉΓòÉΓòÉΓòÉΓòÉΓòÉΓòÉΓòÉΓòÉΓòÉΓòÉΓòÉΓòÉΓòÉΓòÉΓòÉΓòÉΓòÉΓòÉΓòÉΓòÉΓòÉΓòÉΓòÉΓòÉΓòÉΓòÉΓòÉΓòÉΓòÉΓòÉΓòÉΓòÉΓòÉΓòÉΓòÉΓòÉΓòÉΓòÉΓò¥

  25) [chromium] ΓÇ║ tests\e2e\navigation-sidebar.spec.js:47:5 ΓÇ║ Navigation Sidebar ΓÇ║ should open and close navigation sidebar 

    Error: browserType.launch: Executable doesn't exist at C:\Users\mehna\AppData\Local\ms-playwright\chromium_headless_shell-1208\chrome-headless-shell-win64\chrome-headless-shell.exe
    ΓòöΓòÉΓòÉΓòÉΓòÉΓòÉΓòÉΓòÉΓòÉΓòÉΓòÉΓòÉΓòÉΓòÉΓòÉΓòÉΓòÉΓòÉΓòÉΓòÉΓòÉΓòÉΓòÉΓòÉΓòÉΓòÉΓòÉΓòÉΓòÉΓòÉΓòÉΓòÉΓòÉΓòÉΓòÉΓòÉΓòÉΓòÉΓòÉΓòÉΓòÉΓòÉΓòÉΓòÉΓòÉΓòÉΓòÉΓòÉΓòÉΓòÉΓòÉΓòÉΓòÉΓòÉΓòÉΓòÉΓòÉΓòÉΓòÉΓòÉΓòÉΓòÉΓòÉΓòÉΓòÉΓòÉΓòÉΓòÉΓòÉΓòÉΓòÉΓòÉΓòÉΓòÉΓòù
    Γòæ Looks like Playwright Test or Playwright was just installed or updated. Γòæ
    Γòæ Please run the following command to download new browsers:              Γòæ
    Γòæ                                                                         Γòæ
    Γòæ     npx playwright install                                              Γòæ
    Γòæ                                                                         Γòæ
    Γòæ <3 Playwright Team                                                      Γòæ
    ΓòÜΓòÉΓòÉΓòÉΓòÉΓòÉΓòÉΓòÉΓòÉΓòÉΓòÉΓòÉΓòÉΓòÉΓòÉΓòÉΓòÉΓòÉΓòÉΓòÉΓòÉΓòÉΓòÉΓòÉΓòÉΓòÉΓòÉΓòÉΓòÉΓòÉΓòÉΓòÉΓòÉΓòÉΓòÉΓòÉΓòÉΓòÉΓòÉΓòÉΓòÉΓòÉΓòÉΓòÉΓòÉΓòÉΓòÉΓòÉΓòÉΓòÉΓòÉΓòÉΓòÉΓòÉΓòÉΓòÉΓòÉΓòÉΓòÉΓòÉΓòÉΓòÉΓòÉΓòÉΓòÉΓòÉΓòÉΓòÉΓòÉΓòÉΓòÉΓòÉΓòÉΓòÉΓò¥

  26) [chromium] ΓÇ║ tests\e2e\navigation-sidebar.spec.js:67:5 ΓÇ║ Navigation Sidebar ΓÇ║ should display planet list after loading 

    Error: browserType.launch: Executable doesn't exist at C:\Users\mehna\AppData\Local\ms-playwright\chromium_headless_shell-1208\chrome-headless-shell-win64\chrome-headless-shell.exe
    ΓòöΓòÉΓòÉΓòÉΓòÉΓòÉΓòÉΓòÉΓòÉΓòÉΓòÉΓòÉΓòÉΓòÉΓòÉΓòÉΓòÉΓòÉΓòÉΓòÉΓòÉΓòÉΓòÉΓòÉΓòÉΓòÉΓòÉΓòÉΓòÉΓòÉΓòÉΓòÉΓòÉΓòÉΓòÉΓòÉΓòÉΓòÉΓòÉΓòÉΓòÉΓòÉΓòÉΓòÉΓòÉΓòÉΓòÉΓòÉΓòÉΓòÉΓòÉΓòÉΓòÉΓòÉΓòÉΓòÉΓòÉΓòÉΓòÉΓòÉΓòÉΓòÉΓòÉΓòÉΓòÉΓòÉΓòÉΓòÉΓòÉΓòÉΓòÉΓòÉΓòÉΓòÉΓòù
    Γòæ Looks like Playwright Test or Playwright was just installed or updated. Γòæ
    Γòæ Please run the following command to download new browsers:              Γòæ
    Γòæ                                                                         Γòæ
    Γòæ     npx playwright install                                              Γòæ
    Γòæ                                                                         Γòæ
    Γòæ <3 Playwright Team                                                      Γòæ
    ΓòÜΓòÉΓòÉΓòÉΓòÉΓòÉΓòÉΓòÉΓòÉΓòÉΓòÉΓòÉΓòÉΓòÉΓòÉΓòÉΓòÉΓòÉΓòÉΓòÉΓòÉΓòÉΓòÉΓòÉΓòÉΓòÉΓòÉΓòÉΓòÉΓòÉΓòÉΓòÉΓòÉΓòÉΓòÉΓòÉΓòÉΓòÉΓòÉΓòÉΓòÉΓòÉΓòÉΓòÉΓòÉΓòÉΓòÉΓòÉΓòÉΓòÉΓòÉΓòÉΓòÉΓòÉΓòÉΓòÉΓòÉΓòÉΓòÉΓòÉΓòÉΓòÉΓòÉΓòÉΓòÉΓòÉΓòÉΓòÉΓòÉΓòÉΓòÉΓòÉΓòÉΓòÉΓò¥

  27) [chromium] ΓÇ║ tests\e2e\navigation-sidebar.spec.js:82:5 ΓÇ║ Navigation Sidebar ΓÇ║ should filter planets via search 

    Error: browserType.launch: Executable doesn't exist at C:\Users\mehna\AppData\Local\ms-playwright\chromium_headless_shell-1208\chrome-headless-shell-win64\chrome-headless-shell.exe
    ΓòöΓòÉΓòÉΓòÉΓòÉΓòÉΓòÉΓòÉΓòÉΓòÉΓòÉΓòÉΓòÉΓòÉΓòÉΓòÉΓòÉΓòÉΓòÉΓòÉΓòÉΓòÉΓòÉΓòÉΓòÉΓòÉΓòÉΓòÉΓòÉΓòÉΓòÉΓòÉΓòÉΓòÉΓòÉΓòÉΓòÉΓòÉΓòÉΓòÉΓòÉΓòÉΓòÉΓòÉΓòÉΓòÉΓòÉΓòÉΓòÉΓòÉΓòÉΓòÉΓòÉΓòÉΓòÉΓòÉΓòÉΓòÉΓòÉΓòÉΓòÉΓòÉΓòÉΓòÉΓòÉΓòÉΓòÉΓòÉΓòÉΓòÉΓòÉΓòÉΓòÉΓòÉΓòù
    Γòæ Looks like Playwright Test or Playwright was just installed or updated. Γòæ
    Γòæ Please run the following command to download new browsers:              Γòæ
    Γòæ                                                                         Γòæ
    Γòæ     npx playwright install                                              Γòæ
    Γòæ                                                                         Γòæ
    Γòæ <3 Playwright Team                                                      Γòæ
    ΓòÜΓòÉΓòÉΓòÉΓòÉΓòÉΓòÉΓòÉΓòÉΓòÉΓòÉΓòÉΓòÉΓòÉΓòÉΓòÉΓòÉΓòÉΓòÉΓòÉΓòÉΓòÉΓòÉΓòÉΓòÉΓòÉΓòÉΓòÉΓòÉΓòÉΓòÉΓòÉΓòÉΓòÉΓòÉΓòÉΓòÉΓòÉΓòÉΓòÉΓòÉΓòÉΓòÉΓòÉΓòÉΓòÉΓòÉΓòÉΓòÉΓòÉΓòÉΓòÉΓòÉΓòÉΓòÉΓòÉΓòÉΓòÉΓòÉΓòÉΓòÉΓòÉΓòÉΓòÉΓòÉΓòÉΓòÉΓòÉΓòÉΓòÉΓòÉΓòÉΓòÉΓòÉΓò¥

  28) [chromium] ΓÇ║ tests\e2e\navigation-sidebar.spec.js:101:5 ΓÇ║ Navigation Sidebar ΓÇ║ should clear search results when input is cleared 

    Error: browserType.launch: Executable doesn't exist at C:\Users\mehna\AppData\Local\ms-playwright\chromium_headless_shell-1208\chrome-headless-shell-win64\chrome-headless-shell.exe
    ΓòöΓòÉΓòÉΓòÉΓòÉΓòÉΓòÉΓòÉΓòÉΓòÉΓòÉΓòÉΓòÉΓòÉΓòÉΓòÉΓòÉΓòÉΓòÉΓòÉΓòÉΓòÉΓòÉΓòÉΓòÉΓòÉΓòÉΓòÉΓòÉΓòÉΓòÉΓòÉΓòÉΓòÉΓòÉΓòÉΓòÉΓòÉΓòÉΓòÉΓòÉΓòÉΓòÉΓòÉΓòÉΓòÉΓòÉΓòÉΓòÉΓòÉΓòÉΓòÉΓòÉΓòÉΓòÉΓòÉΓòÉΓòÉΓòÉΓòÉΓòÉΓòÉΓòÉΓòÉΓòÉΓòÉΓòÉΓòÉΓòÉΓòÉΓòÉΓòÉΓòÉΓòÉΓòù
    Γòæ Looks like Playwright Test or Playwright was just installed or updated. Γòæ
    Γòæ Please run the following command to download new browsers:              Γòæ
    Γòæ                                                                         Γòæ
    Γòæ     npx playwright install                                              Γòæ
    Γòæ                                                                         Γòæ
    Γòæ <3 Playwright Team                                                      Γòæ
    ΓòÜΓòÉΓòÉΓòÉΓòÉΓòÉΓòÉΓòÉΓòÉΓòÉΓòÉΓòÉΓòÉΓòÉΓòÉΓòÉΓòÉΓòÉΓòÉΓòÉΓòÉΓòÉΓòÉΓòÉΓòÉΓòÉΓòÉΓòÉΓòÉΓòÉΓòÉΓòÉΓòÉΓòÉΓòÉΓòÉΓòÉΓòÉΓòÉΓòÉΓòÉΓòÉΓòÉΓòÉΓòÉΓòÉΓòÉΓòÉΓòÉΓòÉΓòÉΓòÉΓòÉΓòÉΓòÉΓòÉΓòÉΓòÉΓòÉΓòÉΓòÉΓòÉΓòÉΓòÉΓòÉΓòÉΓòÉΓòÉΓòÉΓòÉΓòÉΓòÉΓòÉΓòÉΓò¥

  29) [chromium] ΓÇ║ tests\e2e\navigation-sidebar.spec.js:124:5 ΓÇ║ Navigation Sidebar ΓÇ║ should select a planet and update info panel 

    Error: browserType.launch: Executable doesn't exist at C:\Users\mehna\AppData\Local\ms-playwright\chromium_headless_shell-1208\chrome-headless-shell-win64\chrome-headless-shell.exe
    ΓòöΓòÉΓòÉΓòÉΓòÉΓòÉΓòÉΓòÉΓòÉΓòÉΓòÉΓòÉΓòÉΓòÉΓòÉΓòÉΓòÉΓòÉΓòÉΓòÉΓòÉΓòÉΓòÉΓòÉΓòÉΓòÉΓòÉΓòÉΓòÉΓòÉΓòÉΓòÉΓòÉΓòÉΓòÉΓòÉΓòÉΓòÉΓòÉΓòÉΓòÉΓòÉΓòÉΓòÉΓòÉΓòÉΓòÉΓòÉΓòÉΓòÉΓòÉΓòÉΓòÉΓòÉΓòÉΓòÉΓòÉΓòÉΓòÉΓòÉΓòÉΓòÉΓòÉΓòÉΓòÉΓòÉΓòÉΓòÉΓòÉΓòÉΓòÉΓòÉΓòÉΓòÉΓòù
    Γòæ Looks like Playwright Test or Playwright was just installed or updated. Γòæ
    Γòæ Please run the following command to download new browsers:              Γòæ
    Γòæ                                                                         Γòæ
    Γòæ     npx playwright install                                              Γòæ
    Γòæ                                                                         Γòæ
    Γòæ <3 Playwright Team                                                      Γòæ
    ΓòÜΓòÉΓòÉΓòÉΓòÉΓòÉΓòÉΓòÉΓòÉΓòÉΓòÉΓòÉΓòÉΓòÉΓòÉΓòÉΓòÉΓòÉΓòÉΓòÉΓòÉΓòÉΓòÉΓòÉΓòÉΓòÉΓòÉΓòÉΓòÉΓòÉΓòÉΓòÉΓòÉΓòÉΓòÉΓòÉΓòÉΓòÉΓòÉΓòÉΓòÉΓòÉΓòÉΓòÉΓòÉΓòÉΓòÉΓòÉΓòÉΓòÉΓòÉΓòÉΓòÉΓòÉΓòÉΓòÉΓòÉΓòÉΓòÉΓòÉΓòÉΓòÉΓòÉΓòÉΓòÉΓòÉΓòÉΓòÉΓòÉΓòÉΓòÉΓòÉΓòÉΓòÉΓò¥

  30) [chromium] ΓÇ║ tests\e2e\navigation-sidebar.spec.js:142:5 ΓÇ║ Navigation Sidebar ΓÇ║ should show Jupiter moons in navigation 

    Error: browserType.launch: Executable doesn't exist at C:\Users\mehna\AppData\Local\ms-playwright\chromium_headless_shell-1208\chrome-headless-shell-win64\chrome-headless-shell.exe
    ΓòöΓòÉΓòÉΓòÉΓòÉΓòÉΓòÉΓòÉΓòÉΓòÉΓòÉΓòÉΓòÉΓòÉΓòÉΓòÉΓòÉΓòÉΓòÉΓòÉΓòÉΓòÉΓòÉΓòÉΓòÉΓòÉΓòÉΓòÉΓòÉΓòÉΓòÉΓòÉΓòÉΓòÉΓòÉΓòÉΓòÉΓòÉΓòÉΓòÉΓòÉΓòÉΓòÉΓòÉΓòÉΓòÉΓòÉΓòÉΓòÉΓòÉΓòÉΓòÉΓòÉΓòÉΓòÉΓòÉΓòÉΓòÉΓòÉΓòÉΓòÉΓòÉΓòÉΓòÉΓòÉΓòÉΓòÉΓòÉΓòÉΓòÉΓòÉΓòÉΓòÉΓòÉΓòù
    Γòæ Looks like Playwright Test or Playwright was just installed or updated. Γòæ
    Γòæ Please run the following command to download new browsers:              Γòæ
    Γòæ                                                                         Γòæ
    Γòæ     npx playwright install                                              Γòæ
    Γòæ                                                                         Γòæ
    Γòæ <3 Playwright Team                                                      Γòæ
    ΓòÜΓòÉΓòÉΓòÉΓòÉΓòÉΓòÉΓòÉΓòÉΓòÉΓòÉΓòÉΓòÉΓòÉΓòÉΓòÉΓòÉΓòÉΓòÉΓòÉΓòÉΓòÉΓòÉΓòÉΓòÉΓòÉΓòÉΓòÉΓòÉΓòÉΓòÉΓòÉΓòÉΓòÉΓòÉΓòÉΓòÉΓòÉΓòÉΓòÉΓòÉΓòÉΓòÉΓòÉΓòÉΓòÉΓòÉΓòÉΓòÉΓòÉΓòÉΓòÉΓòÉΓòÉΓòÉΓòÉΓòÉΓòÉΓòÉΓòÉΓòÉΓòÉΓòÉΓòÉΓòÉΓòÉΓòÉΓòÉΓòÉΓòÉΓòÉΓòÉΓòÉΓòÉΓò¥

  31) [chromium] ΓÇ║ tests\e2e\navigation.spec.ts:37:3 ΓÇ║ Navigation & Search ΓÇ║ should toggle sidebar visibility 

    Error: browserType.launch: Executable doesn't exist at C:\Users\mehna\AppData\Local\ms-playwright\chromium_headless_shell-1208\chrome-headless-shell-win64\chrome-headless-shell.exe
    ΓòöΓòÉΓòÉΓòÉΓòÉΓòÉΓòÉΓòÉΓòÉΓòÉΓòÉΓòÉΓòÉΓòÉΓòÉΓòÉΓòÉΓòÉΓòÉΓòÉΓòÉΓòÉΓòÉΓòÉΓòÉΓòÉΓòÉΓòÉΓòÉΓòÉΓòÉΓòÉΓòÉΓòÉΓòÉΓòÉΓòÉΓòÉΓòÉΓòÉΓòÉΓòÉΓòÉΓòÉΓòÉΓòÉΓòÉΓòÉΓòÉΓòÉΓòÉΓòÉΓòÉΓòÉΓòÉΓòÉΓòÉΓòÉΓòÉΓòÉΓòÉΓòÉΓòÉΓòÉΓòÉΓòÉΓòÉΓòÉΓòÉΓòÉΓòÉΓòÉΓòÉΓòÉΓòù
    Γòæ Looks like Playwright Test or Playwright was just installed or updated. Γòæ
    Γòæ Please run the following command to download new browsers:              Γòæ
    Γòæ                                                                         Γòæ
    Γòæ     npx playwright install                                              Γòæ
    Γòæ                                                                         Γòæ
    Γòæ <3 Playwright Team                                                      Γòæ
    ΓòÜΓòÉΓòÉΓòÉΓòÉΓòÉΓòÉΓòÉΓòÉΓòÉΓòÉΓòÉΓòÉΓòÉΓòÉΓòÉΓòÉΓòÉΓòÉΓòÉΓòÉΓòÉΓòÉΓòÉΓòÉΓòÉΓòÉΓòÉΓòÉΓòÉΓòÉΓòÉΓòÉΓòÉΓòÉΓòÉΓòÉΓòÉΓòÉΓòÉΓòÉΓòÉΓòÉΓòÉΓòÉΓòÉΓòÉΓòÉΓòÉΓòÉΓòÉΓòÉΓòÉΓòÉΓòÉΓòÉΓòÉΓòÉΓòÉΓòÉΓòÉΓòÉΓòÉΓòÉΓòÉΓòÉΓòÉΓòÉΓòÉΓòÉΓòÉΓòÉΓòÉΓòÉΓò¥

  32) [chromium] ΓÇ║ tests\e2e\navigation.spec.ts:58:3 ΓÇ║ Navigation & Search ΓÇ║ should populate planet list 

    Error: browserType.launch: Executable doesn't exist at C:\Users\mehna\AppData\Local\ms-playwright\chromium_headless_shell-1208\chrome-headless-shell-win64\chrome-headless-shell.exe
    ΓòöΓòÉΓòÉΓòÉΓòÉΓòÉΓòÉΓòÉΓòÉΓòÉΓòÉΓòÉΓòÉΓòÉΓòÉΓòÉΓòÉΓòÉΓòÉΓòÉΓòÉΓòÉΓòÉΓòÉΓòÉΓòÉΓòÉΓòÉΓòÉΓòÉΓòÉΓòÉΓòÉΓòÉΓòÉΓòÉΓòÉΓòÉΓòÉΓòÉΓòÉΓòÉΓòÉΓòÉΓòÉΓòÉΓòÉΓòÉΓòÉΓòÉΓòÉΓòÉΓòÉΓòÉΓòÉΓòÉΓòÉΓòÉΓòÉΓòÉΓòÉΓòÉΓòÉΓòÉΓòÉΓòÉΓòÉΓòÉΓòÉΓòÉΓòÉΓòÉΓòÉΓòÉΓòù
    Γòæ Looks like Playwright Test or Playwright was just installed or updated. Γòæ
    Γòæ Please run the following command to download new browsers:              Γòæ
    Γòæ                                                                         Γòæ
    Γòæ     npx playwright install                                              Γòæ
    Γòæ                                                                         Γòæ
    Γòæ <3 Playwright Team                                                      Γòæ
    ΓòÜΓòÉΓòÉΓòÉΓòÉΓòÉΓòÉΓòÉΓòÉΓòÉΓòÉΓòÉΓòÉΓòÉΓòÉΓòÉΓòÉΓòÉΓòÉΓòÉΓòÉΓòÉΓòÉΓòÉΓòÉΓòÉΓòÉΓòÉΓòÉΓòÉΓòÉΓòÉΓòÉΓòÉΓòÉΓòÉΓòÉΓòÉΓòÉΓòÉΓòÉΓòÉΓòÉΓòÉΓòÉΓòÉΓòÉΓòÉΓòÉΓòÉΓòÉΓòÉΓòÉΓòÉΓòÉΓòÉΓòÉΓòÉΓòÉΓòÉΓòÉΓòÉΓòÉΓòÉΓòÉΓòÉΓòÉΓòÉΓòÉΓòÉΓòÉΓòÉΓòÉΓòÉΓò¥

  33) [chromium] ΓÇ║ tests\e2e\navigation.spec.ts:70:3 ΓÇ║ Navigation & Search ΓÇ║ should filter list via search 

    Error: browserType.launch: Executable doesn't exist at C:\Users\mehna\AppData\Local\ms-playwright\chromium_headless_shell-1208\chrome-headless-shell-win64\chrome-headless-shell.exe
    ΓòöΓòÉΓòÉΓòÉΓòÉΓòÉΓòÉΓòÉΓòÉΓòÉΓòÉΓòÉΓòÉΓòÉΓòÉΓòÉΓòÉΓòÉΓòÉΓòÉΓòÉΓòÉΓòÉΓòÉΓòÉΓòÉΓòÉΓòÉΓòÉΓòÉΓòÉΓòÉΓòÉΓòÉΓòÉΓòÉΓòÉΓòÉΓòÉΓòÉΓòÉΓòÉΓòÉΓòÉΓòÉΓòÉΓòÉΓòÉΓòÉΓòÉΓòÉΓòÉΓòÉΓòÉΓòÉΓòÉΓòÉΓòÉΓòÉΓòÉΓòÉΓòÉΓòÉΓòÉΓòÉΓòÉΓòÉΓòÉΓòÉΓòÉΓòÉΓòÉΓòÉΓòÉΓòù
    Γòæ Looks like Playwright Test or Playwright was just installed or updated. Γòæ
    Γòæ Please run the following command to download new browsers:              Γòæ
    Γòæ                                                                         Γòæ
    Γòæ     npx playwright install                                              Γòæ
    Γòæ                                                                         Γòæ
    Γòæ <3 Playwright Team                                                      Γòæ
    ΓòÜΓòÉΓòÉΓòÉΓòÉΓòÉΓòÉΓòÉΓòÉΓòÉΓòÉΓòÉΓòÉΓòÉΓòÉΓòÉΓòÉΓòÉΓòÉΓòÉΓòÉΓòÉΓòÉΓòÉΓòÉΓòÉΓòÉΓòÉΓòÉΓòÉΓòÉΓòÉΓòÉΓòÉΓòÉΓòÉΓòÉΓòÉΓòÉΓòÉΓòÉΓòÉΓòÉΓòÉΓòÉΓòÉΓòÉΓòÉΓòÉΓòÉΓòÉΓòÉΓòÉΓòÉΓòÉΓòÉΓòÉΓòÉΓòÉΓòÉΓòÉΓòÉΓòÉΓòÉΓòÉΓòÉΓòÉΓòÉΓòÉΓòÉΓòÉΓòÉΓòÉΓòÉΓò¥

  34) [chromium] ΓÇ║ tests\e2e\navigation.spec.ts:93:3 ΓÇ║ Navigation & Search ΓÇ║ should select a planet and show info panel 

    Error: browserType.launch: Executable doesn't exist at C:\Users\mehna\AppData\Local\ms-playwright\chromium_headless_shell-1208\chrome-headless-shell-win64\chrome-headless-shell.exe
    ΓòöΓòÉΓòÉΓòÉΓòÉΓòÉΓòÉΓòÉΓòÉΓòÉΓòÉΓòÉΓòÉΓòÉΓòÉΓòÉΓòÉΓòÉΓòÉΓòÉΓòÉΓòÉΓòÉΓòÉΓòÉΓòÉΓòÉΓòÉΓòÉΓòÉΓòÉΓòÉΓòÉΓòÉΓòÉΓòÉΓòÉΓòÉΓòÉΓòÉΓòÉΓòÉΓòÉΓòÉΓòÉΓòÉΓòÉΓòÉΓòÉΓòÉΓòÉΓòÉΓòÉΓòÉΓòÉΓòÉΓòÉΓòÉΓòÉΓòÉΓòÉΓòÉΓòÉΓòÉΓòÉΓòÉΓòÉΓòÉΓòÉΓòÉΓòÉΓòÉΓòÉΓòÉΓòù
    Γòæ Looks like Playwright Test or Playwright was just installed or updated. Γòæ
    Γòæ Please run the following command to download new browsers:              Γòæ
    Γòæ                                                                         Γòæ
    Γòæ     npx playwright install                                              Γòæ
    Γòæ                                                                         Γòæ
    Γòæ <3 Playwright Team                                                      Γòæ
    ΓòÜΓòÉΓòÉΓòÉΓòÉΓòÉΓòÉΓòÉΓòÉΓòÉΓòÉΓòÉΓòÉΓòÉΓòÉΓòÉΓòÉΓòÉΓòÉΓòÉΓòÉΓòÉΓòÉΓòÉΓòÉΓòÉΓòÉΓòÉΓòÉΓòÉΓòÉΓòÉΓòÉΓòÉΓòÉΓòÉΓòÉΓòÉΓòÉΓòÉΓòÉΓòÉΓòÉΓòÉΓòÉΓòÉΓòÉΓòÉΓòÉΓòÉΓòÉΓòÉΓòÉΓòÉΓòÉΓòÉΓòÉΓòÉΓòÉΓòÉΓòÉΓòÉΓòÉΓòÉΓòÉΓòÉΓòÉΓòÉΓòÉΓòÉΓòÉΓòÉΓòÉΓòÉΓò¥

  35) [chromium] ΓÇ║ tests\e2e\performance.spec.js:28:5 ΓÇ║ Performance Benchmarks ΓÇ║ should maintain acceptable FPS during simulation 

    Error: browserType.launch: Executable doesn't exist at C:\Users\mehna\AppData\Local\ms-playwright\chromium_headless_shell-1208\chrome-headless-shell-win64\chrome-headless-shell.exe
    ΓòöΓòÉΓòÉΓòÉΓòÉΓòÉΓòÉΓòÉΓòÉΓòÉΓòÉΓòÉΓòÉΓòÉΓòÉΓòÉΓòÉΓòÉΓòÉΓòÉΓòÉΓòÉΓòÉΓòÉΓòÉΓòÉΓòÉΓòÉΓòÉΓòÉΓòÉΓòÉΓòÉΓòÉΓòÉΓòÉΓòÉΓòÉΓòÉΓòÉΓòÉΓòÉΓòÉΓòÉΓòÉΓòÉΓòÉΓòÉΓòÉΓòÉΓòÉΓòÉΓòÉΓòÉΓòÉΓòÉΓòÉΓòÉΓòÉΓòÉΓòÉΓòÉΓòÉΓòÉΓòÉΓòÉΓòÉΓòÉΓòÉΓòÉΓòÉΓòÉΓòÉΓòÉΓòù
    Γòæ Looks like Playwright Test or Playwright was just installed or updated. Γòæ
    Γòæ Please run the following command to download new browsers:              Γòæ
    Γòæ                                                                         Γòæ
    Γòæ     npx playwright install                                              Γòæ
    Γòæ                                                                         Γòæ
    Γòæ <3 Playwright Team                                                      Γòæ
    ΓòÜΓòÉΓòÉΓòÉΓòÉΓòÉΓòÉΓòÉΓòÉΓòÉΓòÉΓòÉΓòÉΓòÉΓòÉΓòÉΓòÉΓòÉΓòÉΓòÉΓòÉΓòÉΓòÉΓòÉΓòÉΓòÉΓòÉΓòÉΓòÉΓòÉΓòÉΓòÉΓòÉΓòÉΓòÉΓòÉΓòÉΓòÉΓòÉΓòÉΓòÉΓòÉΓòÉΓòÉΓòÉΓòÉΓòÉΓòÉΓòÉΓòÉΓòÉΓòÉΓòÉΓòÉΓòÉΓòÉΓòÉΓòÉΓòÉΓòÉΓòÉΓòÉΓòÉΓòÉΓòÉΓòÉΓòÉΓòÉΓòÉΓòÉΓòÉΓòÉΓòÉΓòÉΓò¥

  36) [chromium] ΓÇ║ tests\e2e\performance.spec.js:53:5 ΓÇ║ Performance Benchmarks ΓÇ║ should complete initialization within acceptable time 

    Error: browserType.launch: Executable doesn't exist at C:\Users\mehna\AppData\Local\ms-playwright\chromium_headless_shell-1208\chrome-headless-shell-win64\chrome-headless-shell.exe
    ΓòöΓòÉΓòÉΓòÉΓòÉΓòÉΓòÉΓòÉΓòÉΓòÉΓòÉΓòÉΓòÉΓòÉΓòÉΓòÉΓòÉΓòÉΓòÉΓòÉΓòÉΓòÉΓòÉΓòÉΓòÉΓòÉΓòÉΓòÉΓòÉΓòÉΓòÉΓòÉΓòÉΓòÉΓòÉΓòÉΓòÉΓòÉΓòÉΓòÉΓòÉΓòÉΓòÉΓòÉΓòÉΓòÉΓòÉΓòÉΓòÉΓòÉΓòÉΓòÉΓòÉΓòÉΓòÉΓòÉΓòÉΓòÉΓòÉΓòÉΓòÉΓòÉΓòÉΓòÉΓòÉΓòÉΓòÉΓòÉΓòÉΓòÉΓòÉΓòÉΓòÉΓòÉΓòù
    Γòæ Looks like Playwright Test or Playwright was just installed or updated. Γòæ
    Γòæ Please run the following command to download new browsers:              Γòæ
    Γòæ                                                                         Γòæ
    Γòæ     npx playwright install                                              Γòæ
    Γòæ                                                                         Γòæ
    Γòæ <3 Playwright Team                                                      Γòæ
    ΓòÜΓòÉΓòÉΓòÉΓòÉΓòÉΓòÉΓòÉΓòÉΓòÉΓòÉΓòÉΓòÉΓòÉΓòÉΓòÉΓòÉΓòÉΓòÉΓòÉΓòÉΓòÉΓòÉΓòÉΓòÉΓòÉΓòÉΓòÉΓòÉΓòÉΓòÉΓòÉΓòÉΓòÉΓòÉΓòÉΓòÉΓòÉΓòÉΓòÉΓòÉΓòÉΓòÉΓòÉΓòÉΓòÉΓòÉΓòÉΓòÉΓòÉΓòÉΓòÉΓòÉΓòÉΓòÉΓòÉΓòÉΓòÉΓòÉΓòÉΓòÉΓòÉΓòÉΓòÉΓòÉΓòÉΓòÉΓòÉΓòÉΓòÉΓòÉΓòÉΓòÉΓòÉΓò¥

  37) [chromium] ΓÇ║ tests\e2e\performance.spec.js:76:5 ΓÇ║ Performance Benchmarks ΓÇ║ should have resource hints in place 

    Error: browserType.launch: Executable doesn't exist at C:\Users\mehna\AppData\Local\ms-playwright\chromium_headless_shell-1208\chrome-headless-shell-win64\chrome-headless-shell.exe
    ΓòöΓòÉΓòÉΓòÉΓòÉΓòÉΓòÉΓòÉΓòÉΓòÉΓòÉΓòÉΓòÉΓòÉΓòÉΓòÉΓòÉΓòÉΓòÉΓòÉΓòÉΓòÉΓòÉΓòÉΓòÉΓòÉΓòÉΓòÉΓòÉΓòÉΓòÉΓòÉΓòÉΓòÉΓòÉΓòÉΓòÉΓòÉΓòÉΓòÉΓòÉΓòÉΓòÉΓòÉΓòÉΓòÉΓòÉΓòÉΓòÉΓòÉΓòÉΓòÉΓòÉΓòÉΓòÉΓòÉΓòÉΓòÉΓòÉΓòÉΓòÉΓòÉΓòÉΓòÉΓòÉΓòÉΓòÉΓòÉΓòÉΓòÉΓòÉΓòÉΓòÉΓòÉΓòù
    Γòæ Looks like Playwright Test or Playwright was just installed or updated. Γòæ
    Γòæ Please run the following command to download new browsers:              Γòæ
    Γòæ                                                                         Γòæ
    Γòæ     npx playwright install                                              Γòæ
    Γòæ                                                                         Γòæ
    Γòæ <3 Playwright Team                                                      Γòæ
    ΓòÜΓòÉΓòÉΓòÉΓòÉΓòÉΓòÉΓòÉΓòÉΓòÉΓòÉΓòÉΓòÉΓòÉΓòÉΓòÉΓòÉΓòÉΓòÉΓòÉΓòÉΓòÉΓòÉΓòÉΓòÉΓòÉΓòÉΓòÉΓòÉΓòÉΓòÉΓòÉΓòÉΓòÉΓòÉΓòÉΓòÉΓòÉΓòÉΓòÉΓòÉΓòÉΓòÉΓòÉΓòÉΓòÉΓòÉΓòÉΓòÉΓòÉΓòÉΓòÉΓòÉΓòÉΓòÉΓòÉΓòÉΓòÉΓòÉΓòÉΓòÉΓòÉΓòÉΓòÉΓòÉΓòÉΓòÉΓòÉΓòÉΓòÉΓòÉΓòÉΓòÉΓòÉΓò¥

  38) [chromium] ΓÇ║ tests\e2e\responsive.spec.ts:14:3 ΓÇ║ Responsive Layouts ΓÇ║ mobile layout: sidebar should cover full screen or significant portion 

    Error: browserType.launch: Executable doesn't exist at C:\Users\mehna\AppData\Local\ms-playwright\chromium_headless_shell-1208\chrome-headless-shell-win64\chrome-headless-shell.exe
    ΓòöΓòÉΓòÉΓòÉΓòÉΓòÉΓòÉΓòÉΓòÉΓòÉΓòÉΓòÉΓòÉΓòÉΓòÉΓòÉΓòÉΓòÉΓòÉΓòÉΓòÉΓòÉΓòÉΓòÉΓòÉΓòÉΓòÉΓòÉΓòÉΓòÉΓòÉΓòÉΓòÉΓòÉΓòÉΓòÉΓòÉΓòÉΓòÉΓòÉΓòÉΓòÉΓòÉΓòÉΓòÉΓòÉΓòÉΓòÉΓòÉΓòÉΓòÉΓòÉΓòÉΓòÉΓòÉΓòÉΓòÉΓòÉΓòÉΓòÉΓòÉΓòÉΓòÉΓòÉΓòÉΓòÉΓòÉΓòÉΓòÉΓòÉΓòÉΓòÉΓòÉΓòÉΓòù
    Γòæ Looks like Playwright Test or Playwright was just installed or updated. Γòæ
    Γòæ Please run the following command to download new browsers:              Γòæ
    Γòæ                                                                         Γòæ
    Γòæ     npx playwright install                                              Γòæ
    Γòæ                                                                         Γòæ
    Γòæ <3 Playwright Team                                                      Γòæ
    ΓòÜΓòÉΓòÉΓòÉΓòÉΓòÉΓòÉΓòÉΓòÉΓòÉΓòÉΓòÉΓòÉΓòÉΓòÉΓòÉΓòÉΓòÉΓòÉΓòÉΓòÉΓòÉΓòÉΓòÉΓòÉΓòÉΓòÉΓòÉΓòÉΓòÉΓòÉΓòÉΓòÉΓòÉΓòÉΓòÉΓòÉΓòÉΓòÉΓòÉΓòÉΓòÉΓòÉΓòÉΓòÉΓòÉΓòÉΓòÉΓòÉΓòÉΓòÉΓòÉΓòÉΓòÉΓòÉΓòÉΓòÉΓòÉΓòÉΓòÉΓòÉΓòÉΓòÉΓòÉΓòÉΓòÉΓòÉΓòÉΓòÉΓòÉΓòÉΓòÉΓòÉΓòÉΓò¥

  39) [chromium] ΓÇ║ tests\e2e\responsive.spec.ts:30:3 ΓÇ║ Responsive Layouts ΓÇ║ mobile layout: bottom dock compact view 

    Error: browserType.launch: Executable doesn't exist at C:\Users\mehna\AppData\Local\ms-playwright\chromium_headless_shell-1208\chrome-headless-shell-win64\chrome-headless-shell.exe
    ΓòöΓòÉΓòÉΓòÉΓòÉΓòÉΓòÉΓòÉΓòÉΓòÉΓòÉΓòÉΓòÉΓòÉΓòÉΓòÉΓòÉΓòÉΓòÉΓòÉΓòÉΓòÉΓòÉΓòÉΓòÉΓòÉΓòÉΓòÉΓòÉΓòÉΓòÉΓòÉΓòÉΓòÉΓòÉΓòÉΓòÉΓòÉΓòÉΓòÉΓòÉΓòÉΓòÉΓòÉΓòÉΓòÉΓòÉΓòÉΓòÉΓòÉΓòÉΓòÉΓòÉΓòÉΓòÉΓòÉΓòÉΓòÉΓòÉΓòÉΓòÉΓòÉΓòÉΓòÉΓòÉΓòÉΓòÉΓòÉΓòÉΓòÉΓòÉΓòÉΓòÉΓòÉΓòù
    Γòæ Looks like Playwright Test or Playwright was just installed or updated. Γòæ
    Γòæ Please run the following command to download new browsers:              Γòæ
    Γòæ                                                                         Γòæ
    Γòæ     npx playwright install                                              Γòæ
    Γòæ                                                                         Γòæ
    Γòæ <3 Playwright Team                                                      Γòæ
    ΓòÜΓòÉΓòÉΓòÉΓòÉΓòÉΓòÉΓòÉΓòÉΓòÉΓòÉΓòÉΓòÉΓòÉΓòÉΓòÉΓòÉΓòÉΓòÉΓòÉΓòÉΓòÉΓòÉΓòÉΓòÉΓòÉΓòÉΓòÉΓòÉΓòÉΓòÉΓòÉΓòÉΓòÉΓòÉΓòÉΓòÉΓòÉΓòÉΓòÉΓòÉΓòÉΓòÉΓòÉΓòÉΓòÉΓòÉΓòÉΓòÉΓòÉΓòÉΓòÉΓòÉΓòÉΓòÉΓòÉΓòÉΓòÉΓòÉΓòÉΓòÉΓòÉΓòÉΓòÉΓòÉΓòÉΓòÉΓòÉΓòÉΓòÉΓòÉΓòÉΓòÉΓòÉΓò¥

  40) [chromium] ΓÇ║ tests\e2e\responsive.spec.ts:41:3 ΓÇ║ Responsive Layouts ΓÇ║ tablet layout: functionality check 

    Error: browserType.launch: Executable doesn't exist at C:\Users\mehna\AppData\Local\ms-playwright\chromium_headless_shell-1208\chrome-headless-shell-win64\chrome-headless-shell.exe
    ΓòöΓòÉΓòÉΓòÉΓòÉΓòÉΓòÉΓòÉΓòÉΓòÉΓòÉΓòÉΓòÉΓòÉΓòÉΓòÉΓòÉΓòÉΓòÉΓòÉΓòÉΓòÉΓòÉΓòÉΓòÉΓòÉΓòÉΓòÉΓòÉΓòÉΓòÉΓòÉΓòÉΓòÉΓòÉΓòÉΓòÉΓòÉΓòÉΓòÉΓòÉΓòÉΓòÉΓòÉΓòÉΓòÉΓòÉΓòÉΓòÉΓòÉΓòÉΓòÉΓòÉΓòÉΓòÉΓòÉΓòÉΓòÉΓòÉΓòÉΓòÉΓòÉΓòÉΓòÉΓòÉΓòÉΓòÉΓòÉΓòÉΓòÉΓòÉΓòÉΓòÉΓòÉΓòù
    Γòæ Looks like Playwright Test or Playwright was just installed or updated. Γòæ
    Γòæ Please run the following command to download new browsers:              Γòæ
    Γòæ                                                                         Γòæ
    Γòæ     npx playwright install                                              Γòæ
    Γòæ                                                                         Γòæ
    Γòæ <3 Playwright Team                                                      Γòæ
    ΓòÜΓòÉΓòÉΓòÉΓòÉΓòÉΓòÉΓòÉΓòÉΓòÉΓòÉΓòÉΓòÉΓòÉΓòÉΓòÉΓòÉΓòÉΓòÉΓòÉΓòÉΓòÉΓòÉΓòÉΓòÉΓòÉΓòÉΓòÉΓòÉΓòÉΓòÉΓòÉΓòÉΓòÉΓòÉΓòÉΓòÉΓòÉΓòÉΓòÉΓòÉΓòÉΓòÉΓòÉΓòÉΓòÉΓòÉΓòÉΓòÉΓòÉΓòÉΓòÉΓòÉΓòÉΓòÉΓòÉΓòÉΓòÉΓòÉΓòÉΓòÉΓòÉΓòÉΓòÉΓòÉΓòÉΓòÉΓòÉΓòÉΓòÉΓòÉΓòÉΓòÉΓòÉΓò¥

  41) [chromium] ΓÇ║ tests\e2e\settings-panel.spec.js:43:5 ΓÇ║ Settings Panel ΓÇ║ should open and close settings panel 

    Error: browserType.launch: Executable doesn't exist at C:\Users\mehna\AppData\Local\ms-playwright\chromium_headless_shell-1208\chrome-headless-shell-win64\chrome-headless-shell.exe
    ΓòöΓòÉΓòÉΓòÉΓòÉΓòÉΓòÉΓòÉΓòÉΓòÉΓòÉΓòÉΓòÉΓòÉΓòÉΓòÉΓòÉΓòÉΓòÉΓòÉΓòÉΓòÉΓòÉΓòÉΓòÉΓòÉΓòÉΓòÉΓòÉΓòÉΓòÉΓòÉΓòÉΓòÉΓòÉΓòÉΓòÉΓòÉΓòÉΓòÉΓòÉΓòÉΓòÉΓòÉΓòÉΓòÉΓòÉΓòÉΓòÉΓòÉΓòÉΓòÉΓòÉΓòÉΓòÉΓòÉΓòÉΓòÉΓòÉΓòÉΓòÉΓòÉΓòÉΓòÉΓòÉΓòÉΓòÉΓòÉΓòÉΓòÉΓòÉΓòÉΓòÉΓòÉΓòù
    Γòæ Looks like Playwright Test or Playwright was just installed or updated. Γòæ
    Γòæ Please run the following command to download new browsers:              Γòæ
    Γòæ                                                                         Γòæ
    Γòæ     npx playwright install                                              Γòæ
    Γòæ                                                                         Γòæ
    Γòæ <3 Playwright Team                                                      Γòæ
    ΓòÜΓòÉΓòÉΓòÉΓòÉΓòÉΓòÉΓòÉΓòÉΓòÉΓòÉΓòÉΓòÉΓòÉΓòÉΓòÉΓòÉΓòÉΓòÉΓòÉΓòÉΓòÉΓòÉΓòÉΓòÉΓòÉΓòÉΓòÉΓòÉΓòÉΓòÉΓòÉΓòÉΓòÉΓòÉΓòÉΓòÉΓòÉΓòÉΓòÉΓòÉΓòÉΓòÉΓòÉΓòÉΓòÉΓòÉΓòÉΓòÉΓòÉΓòÉΓòÉΓòÉΓòÉΓòÉΓòÉΓòÉΓòÉΓòÉΓòÉΓòÉΓòÉΓòÉΓòÉΓòÉΓòÉΓòÉΓòÉΓòÉΓòÉΓòÉΓòÉΓòÉΓòÉΓò¥

  42) [chromium] ΓÇ║ tests\e2e\settings-panel.spec.js:63:5 ΓÇ║ Settings Panel ΓÇ║ should toggle textures setting 

    Error: browserType.launch: Executable doesn't exist at C:\Users\mehna\AppData\Local\ms-playwright\chromium_headless_shell-1208\chrome-headless-shell-win64\chrome-headless-shell.exe
    ΓòöΓòÉΓòÉΓòÉΓòÉΓòÉΓòÉΓòÉΓòÉΓòÉΓòÉΓòÉΓòÉΓòÉΓòÉΓòÉΓòÉΓòÉΓòÉΓòÉΓòÉΓòÉΓòÉΓòÉΓòÉΓòÉΓòÉΓòÉΓòÉΓòÉΓòÉΓòÉΓòÉΓòÉΓòÉΓòÉΓòÉΓòÉΓòÉΓòÉΓòÉΓòÉΓòÉΓòÉΓòÉΓòÉΓòÉΓòÉΓòÉΓòÉΓòÉΓòÉΓòÉΓòÉΓòÉΓòÉΓòÉΓòÉΓòÉΓòÉΓòÉΓòÉΓòÉΓòÉΓòÉΓòÉΓòÉΓòÉΓòÉΓòÉΓòÉΓòÉΓòÉΓòÉΓòù
    Γòæ Looks like Playwright Test or Playwright was just installed or updated. Γòæ
    Γòæ Please run the following command to download new browsers:              Γòæ
    Γòæ                                                                         Γòæ
    Γòæ     npx playwright install                                              Γòæ
    Γòæ                                                                         Γòæ
    Γòæ <3 Playwright Team                                                      Γòæ
    ΓòÜΓòÉΓòÉΓòÉΓòÉΓòÉΓòÉΓòÉΓòÉΓòÉΓòÉΓòÉΓòÉΓòÉΓòÉΓòÉΓòÉΓòÉΓòÉΓòÉΓòÉΓòÉΓòÉΓòÉΓòÉΓòÉΓòÉΓòÉΓòÉΓòÉΓòÉΓòÉΓòÉΓòÉΓòÉΓòÉΓòÉΓòÉΓòÉΓòÉΓòÉΓòÉΓòÉΓòÉΓòÉΓòÉΓòÉΓòÉΓòÉΓòÉΓòÉΓòÉΓòÉΓòÉΓòÉΓòÉΓòÉΓòÉΓòÉΓòÉΓòÉΓòÉΓòÉΓòÉΓòÉΓòÉΓòÉΓòÉΓòÉΓòÉΓòÉΓòÉΓòÉΓòÉΓò¥

  43) [chromium] ΓÇ║ tests\e2e\settings-panel.spec.js:84:5 ΓÇ║ Settings Panel ΓÇ║ should toggle labels setting 

    Error: browserType.launch: Executable doesn't exist at C:\Users\mehna\AppData\Local\ms-playwright\chromium_headless_shell-1208\chrome-headless-shell-win64\chrome-headless-shell.exe
    ΓòöΓòÉΓòÉΓòÉΓòÉΓòÉΓòÉΓòÉΓòÉΓòÉΓòÉΓòÉΓòÉΓòÉΓòÉΓòÉΓòÉΓòÉΓòÉΓòÉΓòÉΓòÉΓòÉΓòÉΓòÉΓòÉΓòÉΓòÉΓòÉΓòÉΓòÉΓòÉΓòÉΓòÉΓòÉΓòÉΓòÉΓòÉΓòÉΓòÉΓòÉΓòÉΓòÉΓòÉΓòÉΓòÉΓòÉΓòÉΓòÉΓòÉΓòÉΓòÉΓòÉΓòÉΓòÉΓòÉΓòÉΓòÉΓòÉΓòÉΓòÉΓòÉΓòÉΓòÉΓòÉΓòÉΓòÉΓòÉΓòÉΓòÉΓòÉΓòÉΓòÉΓòÉΓòù
    Γòæ Looks like Playwright Test or Playwright was just installed or updated. Γòæ
    Γòæ Please run the following command to download new browsers:              Γòæ
    Γòæ                                                                         Γòæ
    Γòæ     npx playwright install                                              Γòæ
    Γòæ                                                                         Γòæ
    Γòæ <3 Playwright Team                                                      Γòæ
    ΓòÜΓòÉΓòÉΓòÉΓòÉΓòÉΓòÉΓòÉΓòÉΓòÉΓòÉΓòÉΓòÉΓòÉΓòÉΓòÉΓòÉΓòÉΓòÉΓòÉΓòÉΓòÉΓòÉΓòÉΓòÉΓòÉΓòÉΓòÉΓòÉΓòÉΓòÉΓòÉΓòÉΓòÉΓòÉΓòÉΓòÉΓòÉΓòÉΓòÉΓòÉΓòÉΓòÉΓòÉΓòÉΓòÉΓòÉΓòÉΓòÉΓòÉΓòÉΓòÉΓòÉΓòÉΓòÉΓòÉΓòÉΓòÉΓòÉΓòÉΓòÉΓòÉΓòÉΓòÉΓòÉΓòÉΓòÉΓòÉΓòÉΓòÉΓòÉΓòÉΓòÉΓòÉΓò¥

  44) [chromium] ΓÇ║ tests\e2e\settings-panel.spec.js:101:5 ΓÇ║ Settings Panel ΓÇ║ should toggle orbits setting 

    Error: browserType.launch: Executable doesn't exist at C:\Users\mehna\AppData\Local\ms-playwright\chromium_headless_shell-1208\chrome-headless-shell-win64\chrome-headless-shell.exe
    ΓòöΓòÉΓòÉΓòÉΓòÉΓòÉΓòÉΓòÉΓòÉΓòÉΓòÉΓòÉΓòÉΓòÉΓòÉΓòÉΓòÉΓòÉΓòÉΓòÉΓòÉΓòÉΓòÉΓòÉΓòÉΓòÉΓòÉΓòÉΓòÉΓòÉΓòÉΓòÉΓòÉΓòÉΓòÉΓòÉΓòÉΓòÉΓòÉΓòÉΓòÉΓòÉΓòÉΓòÉΓòÉΓòÉΓòÉΓòÉΓòÉΓòÉΓòÉΓòÉΓòÉΓòÉΓòÉΓòÉΓòÉΓòÉΓòÉΓòÉΓòÉΓòÉΓòÉΓòÉΓòÉΓòÉΓòÉΓòÉΓòÉΓòÉΓòÉΓòÉΓòÉΓòÉΓòù
    Γòæ Looks like Playwright Test or Playwright was just installed or updated. Γòæ
    Γòæ Please run the following command to download new browsers:              Γòæ
    Γòæ                                                                         Γòæ
    Γòæ     npx playwright install                                              Γòæ
    Γòæ                                                                         Γòæ
    Γòæ <3 Playwright Team                                                      Γòæ
    ΓòÜΓòÉΓòÉΓòÉΓòÉΓòÉΓòÉΓòÉΓòÉΓòÉΓòÉΓòÉΓòÉΓòÉΓòÉΓòÉΓòÉΓòÉΓòÉΓòÉΓòÉΓòÉΓòÉΓòÉΓòÉΓòÉΓòÉΓòÉΓòÉΓòÉΓòÉΓòÉΓòÉΓòÉΓòÉΓòÉΓòÉΓòÉΓòÉΓòÉΓòÉΓòÉΓòÉΓòÉΓòÉΓòÉΓòÉΓòÉΓòÉΓòÉΓòÉΓòÉΓòÉΓòÉΓòÉΓòÉΓòÉΓòÉΓòÉΓòÉΓòÉΓòÉΓòÉΓòÉΓòÉΓòÉΓòÉΓòÉΓòÉΓòÉΓòÉΓòÉΓòÉΓòÉΓò¥

  45) [chromium] ΓÇ║ tests\e2e\settings-panel.spec.js:118:5 ΓÇ║ Settings Panel ΓÇ║ should toggle belt settings 

    Error: browserType.launch: Executable doesn't exist at C:\Users\mehna\AppData\Local\ms-playwright\chromium_headless_shell-1208\chrome-headless-shell-win64\chrome-headless-shell.exe
    ΓòöΓòÉΓòÉΓòÉΓòÉΓòÉΓòÉΓòÉΓòÉΓòÉΓòÉΓòÉΓòÉΓòÉΓòÉΓòÉΓòÉΓòÉΓòÉΓòÉΓòÉΓòÉΓòÉΓòÉΓòÉΓòÉΓòÉΓòÉΓòÉΓòÉΓòÉΓòÉΓòÉΓòÉΓòÉΓòÉΓòÉΓòÉΓòÉΓòÉΓòÉΓòÉΓòÉΓòÉΓòÉΓòÉΓòÉΓòÉΓòÉΓòÉΓòÉΓòÉΓòÉΓòÉΓòÉΓòÉΓòÉΓòÉΓòÉΓòÉΓòÉΓòÉΓòÉΓòÉΓòÉΓòÉΓòÉΓòÉΓòÉΓòÉΓòÉΓòÉΓòÉΓòÉΓòù
    Γòæ Looks like Playwright Test or Playwright was just installed or updated. Γòæ
    Γòæ Please run the following command to download new browsers:              Γòæ
    Γòæ                                                                         Γòæ
    Γòæ     npx playwright install                                              Γòæ
    Γòæ                                                                         Γòæ
    Γòæ <3 Playwright Team                                                      Γòæ
    ΓòÜΓòÉΓòÉΓòÉΓòÉΓòÉΓòÉΓòÉΓòÉΓòÉΓòÉΓòÉΓòÉΓòÉΓòÉΓòÉΓòÉΓòÉΓòÉΓòÉΓòÉΓòÉΓòÉΓòÉΓòÉΓòÉΓòÉΓòÉΓòÉΓòÉΓòÉΓòÉΓòÉΓòÉΓòÉΓòÉΓòÉΓòÉΓòÉΓòÉΓòÉΓòÉΓòÉΓòÉΓòÉΓòÉΓòÉΓòÉΓòÉΓòÉΓòÉΓòÉΓòÉΓòÉΓòÉΓòÉΓòÉΓòÉΓòÉΓòÉΓòÉΓòÉΓòÉΓòÉΓòÉΓòÉΓòÉΓòÉΓòÉΓòÉΓòÉΓòÉΓòÉΓòÉΓò¥

  46) [chromium] ΓÇ║ tests\e2e\settings-panel.spec.js:148:5 ΓÇ║ Settings Panel ΓÇ║ should change theme ΓöÇΓöÇΓöÇ

    Error: browserType.launch: Executable doesn't exist at C:\Users\mehna\AppData\Local\ms-playwright\chromium_headless_shell-1208\chrome-headless-shell-win64\chrome-headless-shell.exe
    ΓòöΓòÉΓòÉΓòÉΓòÉΓòÉΓòÉΓòÉΓòÉΓòÉΓòÉΓòÉΓòÉΓòÉΓòÉΓòÉΓòÉΓòÉΓòÉΓòÉΓòÉΓòÉΓòÉΓòÉΓòÉΓòÉΓòÉΓòÉΓòÉΓòÉΓòÉΓòÉΓòÉΓòÉΓòÉΓòÉΓòÉΓòÉΓòÉΓòÉΓòÉΓòÉΓòÉΓòÉΓòÉΓòÉΓòÉΓòÉΓòÉΓòÉΓòÉΓòÉΓòÉΓòÉΓòÉΓòÉΓòÉΓòÉΓòÉΓòÉΓòÉΓòÉΓòÉΓòÉΓòÉΓòÉΓòÉΓòÉΓòÉΓòÉΓòÉΓòÉΓòÉΓòÉΓòù
    Γòæ Looks like Playwright Test or Playwright was just installed or updated. Γòæ
    Γòæ Please run the following command to download new browsers:              Γòæ
    Γòæ                                                                         Γòæ
    Γòæ     npx playwright install                                              Γòæ
    Γòæ                                                                         Γòæ
    Γòæ <3 Playwright Team                                                      Γòæ
    ΓòÜΓòÉΓòÉΓòÉΓòÉΓòÉΓòÉΓòÉΓòÉΓòÉΓòÉΓòÉΓòÉΓòÉΓòÉΓòÉΓòÉΓòÉΓòÉΓòÉΓòÉΓòÉΓòÉΓòÉΓòÉΓòÉΓòÉΓòÉΓòÉΓòÉΓòÉΓòÉΓòÉΓòÉΓòÉΓòÉΓòÉΓòÉΓòÉΓòÉΓòÉΓòÉΓòÉΓòÉΓòÉΓòÉΓòÉΓòÉΓòÉΓòÉΓòÉΓòÉΓòÉΓòÉΓòÉΓòÉΓòÉΓòÉΓòÉΓòÉΓòÉΓòÉΓòÉΓòÉΓòÉΓòÉΓòÉΓòÉΓòÉΓòÉΓòÉΓòÉΓòÉΓòÉΓò¥

  47) [chromium] ΓÇ║ tests\e2e\settings-panel.spec.js:174:5 ΓÇ║ Settings Panel ΓÇ║ should adjust simulation speed 

    Error: browserType.launch: Executable doesn't exist at C:\Users\mehna\AppData\Local\ms-playwright\chromium_headless_shell-1208\chrome-headless-shell-win64\chrome-headless-shell.exe
    ΓòöΓòÉΓòÉΓòÉΓòÉΓòÉΓòÉΓòÉΓòÉΓòÉΓòÉΓòÉΓòÉΓòÉΓòÉΓòÉΓòÉΓòÉΓòÉΓòÉΓòÉΓòÉΓòÉΓòÉΓòÉΓòÉΓòÉΓòÉΓòÉΓòÉΓòÉΓòÉΓòÉΓòÉΓòÉΓòÉΓòÉΓòÉΓòÉΓòÉΓòÉΓòÉΓòÉΓòÉΓòÉΓòÉΓòÉΓòÉΓòÉΓòÉΓòÉΓòÉΓòÉΓòÉΓòÉΓòÉΓòÉΓòÉΓòÉΓòÉΓòÉΓòÉΓòÉΓòÉΓòÉΓòÉΓòÉΓòÉΓòÉΓòÉΓòÉΓòÉΓòÉΓòÉΓòù
    Γòæ Looks like Playwright Test or Playwright was just installed or updated. Γòæ
    Γòæ Please run the following command to download new browsers:              Γòæ
    Γòæ                                                                         Γòæ
    Γòæ     npx playwright install                                              Γòæ
    Γòæ                                                                         Γòæ
    Γòæ <3 Playwright Team                                                      Γòæ
    ΓòÜΓòÉΓòÉΓòÉΓòÉΓòÉΓòÉΓòÉΓòÉΓòÉΓòÉΓòÉΓòÉΓòÉΓòÉΓòÉΓòÉΓòÉΓòÉΓòÉΓòÉΓòÉΓòÉΓòÉΓòÉΓòÉΓòÉΓòÉΓòÉΓòÉΓòÉΓòÉΓòÉΓòÉΓòÉΓòÉΓòÉΓòÉΓòÉΓòÉΓòÉΓòÉΓòÉΓòÉΓòÉΓòÉΓòÉΓòÉΓòÉΓòÉΓòÉΓòÉΓòÉΓòÉΓòÉΓòÉΓòÉΓòÉΓòÉΓòÉΓòÉΓòÉΓòÉΓòÉΓòÉΓòÉΓòÉΓòÉΓòÉΓòÉΓòÉΓòÉΓòÉΓòÉΓò¥

  48) [chromium] ΓÇ║ tests\e2e\settings-panel.spec.js:195:5 ΓÇ║ Settings Panel ΓÇ║ should persist settings after refresh (localStorage) 

    Error: browserType.launch: Executable doesn't exist at C:\Users\mehna\AppData\Local\ms-playwright\chromium_headless_shell-1208\chrome-headless-shell-win64\chrome-headless-shell.exe
    ΓòöΓòÉΓòÉΓòÉΓòÉΓòÉΓòÉΓòÉΓòÉΓòÉΓòÉΓòÉΓòÉΓòÉΓòÉΓòÉΓòÉΓòÉΓòÉΓòÉΓòÉΓòÉΓòÉΓòÉΓòÉΓòÉΓòÉΓòÉΓòÉΓòÉΓòÉΓòÉΓòÉΓòÉΓòÉΓòÉΓòÉΓòÉΓòÉΓòÉΓòÉΓòÉΓòÉΓòÉΓòÉΓòÉΓòÉΓòÉΓòÉΓòÉΓòÉΓòÉΓòÉΓòÉΓòÉΓòÉΓòÉΓòÉΓòÉΓòÉΓòÉΓòÉΓòÉΓòÉΓòÉΓòÉΓòÉΓòÉΓòÉΓòÉΓòÉΓòÉΓòÉΓòÉΓòù
    Γòæ Looks like Playwright Test or Playwright was just installed or updated. Γòæ
    Γòæ Please run the following command to download new browsers:              Γòæ
    Γòæ                                                                         Γòæ
    Γòæ     npx playwright install                                              Γòæ
    Γòæ                                                                         Γòæ
    Γòæ <3 Playwright Team                                                      Γòæ
    ΓòÜΓòÉΓòÉΓòÉΓòÉΓòÉΓòÉΓòÉΓòÉΓòÉΓòÉΓòÉΓòÉΓòÉΓòÉΓòÉΓòÉΓòÉΓòÉΓòÉΓòÉΓòÉΓòÉΓòÉΓòÉΓòÉΓòÉΓòÉΓòÉΓòÉΓòÉΓòÉΓòÉΓòÉΓòÉΓòÉΓòÉΓòÉΓòÉΓòÉΓòÉΓòÉΓòÉΓòÉΓòÉΓòÉΓòÉΓòÉΓòÉΓòÉΓòÉΓòÉΓòÉΓòÉΓòÉΓòÉΓòÉΓòÉΓòÉΓòÉΓòÉΓòÉΓòÉΓòÉΓòÉΓòÉΓòÉΓòÉΓòÉΓòÉΓòÉΓòÉΓòÉΓòÉΓò¥

  49) [chromium] ΓÇ║ tests\e2e\smoke.spec.ts:6:3 ΓÇ║ Smoke Tests ΓÇ║ should load the application successfully 

    Error: browserType.launch: Executable doesn't exist at C:\Users\mehna\AppData\Local\ms-playwright\chromium_headless_shell-1208\chrome-headless-shell-win64\chrome-headless-shell.exe
    ΓòöΓòÉΓòÉΓòÉΓòÉΓòÉΓòÉΓòÉΓòÉΓòÉΓòÉΓòÉΓòÉΓòÉΓòÉΓòÉΓòÉΓòÉΓòÉΓòÉΓòÉΓòÉΓòÉΓòÉΓòÉΓòÉΓòÉΓòÉΓòÉΓòÉΓòÉΓòÉΓòÉΓòÉΓòÉΓòÉΓòÉΓòÉΓòÉΓòÉΓòÉΓòÉΓòÉΓòÉΓòÉΓòÉΓòÉΓòÉΓòÉΓòÉΓòÉΓòÉΓòÉΓòÉΓòÉΓòÉΓòÉΓòÉΓòÉΓòÉΓòÉΓòÉΓòÉΓòÉΓòÉΓòÉΓòÉΓòÉΓòÉΓòÉΓòÉΓòÉΓòÉΓòÉΓòù
    Γòæ Looks like Playwright Test or Playwright was just installed or updated. Γòæ
    Γòæ Please run the following command to download new browsers:              Γòæ
    Γòæ                                                                         Γòæ
    Γòæ     npx playwright install                                              Γòæ
    Γòæ                                                                         Γòæ
    Γòæ <3 Playwright Team                                                      Γòæ
    ΓòÜΓòÉΓòÉΓòÉΓòÉΓòÉΓòÉΓòÉΓòÉΓòÉΓòÉΓòÉΓòÉΓòÉΓòÉΓòÉΓòÉΓòÉΓòÉΓòÉΓòÉΓòÉΓòÉΓòÉΓòÉΓòÉΓòÉΓòÉΓòÉΓòÉΓòÉΓòÉΓòÉΓòÉΓòÉΓòÉΓòÉΓòÉΓòÉΓòÉΓòÉΓòÉΓòÉΓòÉΓòÉΓòÉΓòÉΓòÉΓòÉΓòÉΓòÉΓòÉΓòÉΓòÉΓòÉΓòÉΓòÉΓòÉΓòÉΓòÉΓòÉΓòÉΓòÉΓòÉΓòÉΓòÉΓòÉΓòÉΓòÉΓòÉΓòÉΓòÉΓòÉΓòÉΓò¥

  50) [chromium] ΓÇ║ tests\e2e\stress_trails.spec.ts:3:1 ΓÇ║ Trails Performance Benchmark ΓöÇΓöÇΓöÇΓöÇΓöÇΓöÇΓöÇΓöÇΓöÇΓöÇΓöÇΓöÇΓöÇΓöÇ

    Error: browserType.launch: Executable doesn't exist at C:\Users\mehna\AppData\Local\ms-playwright\chromium_headless_shell-1208\chrome-headless-shell-win64\chrome-headless-shell.exe
    ΓòöΓòÉΓòÉΓòÉΓòÉΓòÉΓòÉΓòÉΓòÉΓòÉΓòÉΓòÉΓòÉΓòÉΓòÉΓòÉΓòÉΓòÉΓòÉΓòÉΓòÉΓòÉΓòÉΓòÉΓòÉΓòÉΓòÉΓòÉΓòÉΓòÉΓòÉΓòÉΓòÉΓòÉΓòÉΓòÉΓòÉΓòÉΓòÉΓòÉΓòÉΓòÉΓòÉΓòÉΓòÉΓòÉΓòÉΓòÉΓòÉΓòÉΓòÉΓòÉΓòÉΓòÉΓòÉΓòÉΓòÉΓòÉΓòÉΓòÉΓòÉΓòÉΓòÉΓòÉΓòÉΓòÉΓòÉΓòÉΓòÉΓòÉΓòÉΓòÉΓòÉΓòÉΓòù
    Γòæ Looks like Playwright Test or Playwright was just installed or updated. Γòæ
    Γòæ Please run the following command to download new browsers:              Γòæ
    Γòæ                                                                         Γòæ
    Γòæ     npx playwright install                                              Γòæ
    Γòæ                                                                         Γòæ
    Γòæ <3 Playwright Team                                                      Γòæ
    ΓòÜΓòÉΓòÉΓòÉΓòÉΓòÉΓòÉΓòÉΓòÉΓòÉΓòÉΓòÉΓòÉΓòÉΓòÉΓòÉΓòÉΓòÉΓòÉΓòÉΓòÉΓòÉΓòÉΓòÉΓòÉΓòÉΓòÉΓòÉΓòÉΓòÉΓòÉΓòÉΓòÉΓòÉΓòÉΓòÉΓòÉΓòÉΓòÉΓòÉΓòÉΓòÉΓòÉΓòÉΓòÉΓòÉΓòÉΓòÉΓòÉΓòÉΓòÉΓòÉΓòÉΓòÉΓòÉΓòÉΓòÉΓòÉΓòÉΓòÉΓòÉΓòÉΓòÉΓòÉΓòÉΓòÉΓòÉΓòÉΓòÉΓòÉΓòÉΓòÉΓòÉΓòÉΓò¥

  51) [chromium] ΓÇ║ tests\e2e\ui-controls.spec.ts:15:5 ΓÇ║ UI Controls & Tools ΓÇ║ Global Toggles ΓÇ║ should toggle labels 

    Error: browserType.launch: Executable doesn't exist at C:\Users\mehna\AppData\Local\ms-playwright\chromium_headless_shell-1208\chrome-headless-shell-win64\chrome-headless-shell.exe
    ΓòöΓòÉΓòÉΓòÉΓòÉΓòÉΓòÉΓòÉΓòÉΓòÉΓòÉΓòÉΓòÉΓòÉΓòÉΓòÉΓòÉΓòÉΓòÉΓòÉΓòÉΓòÉΓòÉΓòÉΓòÉΓòÉΓòÉΓòÉΓòÉΓòÉΓòÉΓòÉΓòÉΓòÉΓòÉΓòÉΓòÉΓòÉΓòÉΓòÉΓòÉΓòÉΓòÉΓòÉΓòÉΓòÉΓòÉΓòÉΓòÉΓòÉΓòÉΓòÉΓòÉΓòÉΓòÉΓòÉΓòÉΓòÉΓòÉΓòÉΓòÉΓòÉΓòÉΓòÉΓòÉΓòÉΓòÉΓòÉΓòÉΓòÉΓòÉΓòÉΓòÉΓòÉΓòù
    Γòæ Looks like Playwright Test or Playwright was just installed or updated. Γòæ
    Γòæ Please run the following command to download new browsers:              Γòæ
    Γòæ                                                                         Γòæ
    Γòæ     npx playwright install                                              Γòæ
    Γòæ                                                                         Γòæ
    Γòæ <3 Playwright Team                                                      Γòæ
    ΓòÜΓòÉΓòÉΓòÉΓòÉΓòÉΓòÉΓòÉΓòÉΓòÉΓòÉΓòÉΓòÉΓòÉΓòÉΓòÉΓòÉΓòÉΓòÉΓòÉΓòÉΓòÉΓòÉΓòÉΓòÉΓòÉΓòÉΓòÉΓòÉΓòÉΓòÉΓòÉΓòÉΓòÉΓòÉΓòÉΓòÉΓòÉΓòÉΓòÉΓòÉΓòÉΓòÉΓòÉΓòÉΓòÉΓòÉΓòÉΓòÉΓòÉΓòÉΓòÉΓòÉΓòÉΓòÉΓòÉΓòÉΓòÉΓòÉΓòÉΓòÉΓòÉΓòÉΓòÉΓòÉΓòÉΓòÉΓòÉΓòÉΓòÉΓòÉΓòÉΓòÉΓòÉΓò¥

  52) [chromium] ΓÇ║ tests\e2e\ui-controls.spec.ts:25:5 ΓÇ║ UI Controls & Tools ΓÇ║ Global Toggles ΓÇ║ should toggle orbits 

    Error: browserType.launch: Executable doesn't exist at C:\Users\mehna\AppData\Local\ms-playwright\chromium_headless_shell-1208\chrome-headless-shell-win64\chrome-headless-shell.exe
    ΓòöΓòÉΓòÉΓòÉΓòÉΓòÉΓòÉΓòÉΓòÉΓòÉΓòÉΓòÉΓòÉΓòÉΓòÉΓòÉΓòÉΓòÉΓòÉΓòÉΓòÉΓòÉΓòÉΓòÉΓòÉΓòÉΓòÉΓòÉΓòÉΓòÉΓòÉΓòÉΓòÉΓòÉΓòÉΓòÉΓòÉΓòÉΓòÉΓòÉΓòÉΓòÉΓòÉΓòÉΓòÉΓòÉΓòÉΓòÉΓòÉΓòÉΓòÉΓòÉΓòÉΓòÉΓòÉΓòÉΓòÉΓòÉΓòÉΓòÉΓòÉΓòÉΓòÉΓòÉΓòÉΓòÉΓòÉΓòÉΓòÉΓòÉΓòÉΓòÉΓòÉΓòÉΓòù
    Γòæ Looks like Playwright Test or Playwright was just installed or updated. Γòæ
    Γòæ Please run the following command to download new browsers:              Γòæ
    Γòæ                                                                         Γòæ
    Γòæ     npx playwright install                                              Γòæ
    Γòæ                                                                         Γòæ
    Γòæ <3 Playwright Team                                                      Γòæ
    ΓòÜΓòÉΓòÉΓòÉΓòÉΓòÉΓòÉΓòÉΓòÉΓòÉΓòÉΓòÉΓòÉΓòÉΓòÉΓòÉΓòÉΓòÉΓòÉΓòÉΓòÉΓòÉΓòÉΓòÉΓòÉΓòÉΓòÉΓòÉΓòÉΓòÉΓòÉΓòÉΓòÉΓòÉΓòÉΓòÉΓòÉΓòÉΓòÉΓòÉΓòÉΓòÉΓòÉΓòÉΓòÉΓòÉΓòÉΓòÉΓòÉΓòÉΓòÉΓòÉΓòÉΓòÉΓòÉΓòÉΓòÉΓòÉΓòÉΓòÉΓòÉΓòÉΓòÉΓòÉΓòÉΓòÉΓòÉΓòÉΓòÉΓòÉΓòÉΓòÉΓòÉΓòÉΓò¥

  53) [chromium] ΓÇ║ tests\e2e\ui-controls.spec.ts:35:5 ΓÇ║ UI Controls & Tools ΓÇ║ Global Toggles ΓÇ║ should toggle textures 

    Error: browserType.launch: Executable doesn't exist at C:\Users\mehna\AppData\Local\ms-playwright\chromium_headless_shell-1208\chrome-headless-shell-win64\chrome-headless-shell.exe
    ΓòöΓòÉΓòÉΓòÉΓòÉΓòÉΓòÉΓòÉΓòÉΓòÉΓòÉΓòÉΓòÉΓòÉΓòÉΓòÉΓòÉΓòÉΓòÉΓòÉΓòÉΓòÉΓòÉΓòÉΓòÉΓòÉΓòÉΓòÉΓòÉΓòÉΓòÉΓòÉΓòÉΓòÉΓòÉΓòÉΓòÉΓòÉΓòÉΓòÉΓòÉΓòÉΓòÉΓòÉΓòÉΓòÉΓòÉΓòÉΓòÉΓòÉΓòÉΓòÉΓòÉΓòÉΓòÉΓòÉΓòÉΓòÉΓòÉΓòÉΓòÉΓòÉΓòÉΓòÉΓòÉΓòÉΓòÉΓòÉΓòÉΓòÉΓòÉΓòÉΓòÉΓòÉΓòù
    Γòæ Looks like Playwright Test or Playwright was just installed or updated. Γòæ
    Γòæ Please run the following command to download new browsers:              Γòæ
    Γòæ                                                                         Γòæ
    Γòæ     npx playwright install                                              Γòæ
    Γòæ                                                                         Γòæ
    Γòæ <3 Playwright Team                                                      Γòæ
    ΓòÜΓòÉΓòÉΓòÉΓòÉΓòÉΓòÉΓòÉΓòÉΓòÉΓòÉΓòÉΓòÉΓòÉΓòÉΓòÉΓòÉΓòÉΓòÉΓòÉΓòÉΓòÉΓòÉΓòÉΓòÉΓòÉΓòÉΓòÉΓòÉΓòÉΓòÉΓòÉΓòÉΓòÉΓòÉΓòÉΓòÉΓòÉΓòÉΓòÉΓòÉΓòÉΓòÉΓòÉΓòÉΓòÉΓòÉΓòÉΓòÉΓòÉΓòÉΓòÉΓòÉΓòÉΓòÉΓòÉΓòÉΓòÉΓòÉΓòÉΓòÉΓòÉΓòÉΓòÉΓòÉΓòÉΓòÉΓòÉΓòÉΓòÉΓòÉΓòÉΓòÉΓòÉΓò¥

  54) [chromium] ΓÇ║ tests\e2e\ui-controls.spec.ts:47:5 ΓÇ║ UI Controls & Tools ΓÇ║ Time Controls ΓÇ║ should toggle pause/resume 

    Error: browserType.launch: Executable doesn't exist at C:\Users\mehna\AppData\Local\ms-playwright\chromium_headless_shell-1208\chrome-headless-shell-win64\chrome-headless-shell.exe
    ΓòöΓòÉΓòÉΓòÉΓòÉΓòÉΓòÉΓòÉΓòÉΓòÉΓòÉΓòÉΓòÉΓòÉΓòÉΓòÉΓòÉΓòÉΓòÉΓòÉΓòÉΓòÉΓòÉΓòÉΓòÉΓòÉΓòÉΓòÉΓòÉΓòÉΓòÉΓòÉΓòÉΓòÉΓòÉΓòÉΓòÉΓòÉΓòÉΓòÉΓòÉΓòÉΓòÉΓòÉΓòÉΓòÉΓòÉΓòÉΓòÉΓòÉΓòÉΓòÉΓòÉΓòÉΓòÉΓòÉΓòÉΓòÉΓòÉΓòÉΓòÉΓòÉΓòÉΓòÉΓòÉΓòÉΓòÉΓòÉΓòÉΓòÉΓòÉΓòÉΓòÉΓòÉΓòù
    Γòæ Looks like Playwright Test or Playwright was just installed or updated. Γòæ
    Γòæ Please run the following command to download new browsers:              Γòæ
    Γòæ                                                                         Γòæ
    Γòæ     npx playwright install                                              Γòæ
    Γòæ                                                                         Γòæ
    Γòæ <3 Playwright Team                                                      Γòæ
    ΓòÜΓòÉΓòÉΓòÉΓòÉΓòÉΓòÉΓòÉΓòÉΓòÉΓòÉΓòÉΓòÉΓòÉΓòÉΓòÉΓòÉΓòÉΓòÉΓòÉΓòÉΓòÉΓòÉΓòÉΓòÉΓòÉΓòÉΓòÉΓòÉΓòÉΓòÉΓòÉΓòÉΓòÉΓòÉΓòÉΓòÉΓòÉΓòÉΓòÉΓòÉΓòÉΓòÉΓòÉΓòÉΓòÉΓòÉΓòÉΓòÉΓòÉΓòÉΓòÉΓòÉΓòÉΓòÉΓòÉΓòÉΓòÉΓòÉΓòÉΓòÉΓòÉΓòÉΓòÉΓòÉΓòÉΓòÉΓòÉΓòÉΓòÉΓòÉΓòÉΓòÉΓòÉΓò¥

  55) [chromium] ΓÇ║ tests\e2e\ui-controls.spec.ts:59:5 ΓÇ║ UI Controls & Tools ΓÇ║ Time Controls ΓÇ║ should change simulation speed 

    Error: browserType.launch: Executable doesn't exist at C:\Users\mehna\AppData\Local\ms-playwright\chromium_headless_shell-1208\chrome-headless-shell-win64\chrome-headless-shell.exe
    ΓòöΓòÉΓòÉΓòÉΓòÉΓòÉΓòÉΓòÉΓòÉΓòÉΓòÉΓòÉΓòÉΓòÉΓòÉΓòÉΓòÉΓòÉΓòÉΓòÉΓòÉΓòÉΓòÉΓòÉΓòÉΓòÉΓòÉΓòÉΓòÉΓòÉΓòÉΓòÉΓòÉΓòÉΓòÉΓòÉΓòÉΓòÉΓòÉΓòÉΓòÉΓòÉΓòÉΓòÉΓòÉΓòÉΓòÉΓòÉΓòÉΓòÉΓòÉΓòÉΓòÉΓòÉΓòÉΓòÉΓòÉΓòÉΓòÉΓòÉΓòÉΓòÉΓòÉΓòÉΓòÉΓòÉΓòÉΓòÉΓòÉΓòÉΓòÉΓòÉΓòÉΓòÉΓòù
    Γòæ Looks like Playwright Test or Playwright was just installed or updated. Γòæ
    Γòæ Please run the following command to download new browsers:              Γòæ
    Γòæ                                                                         Γòæ
    Γòæ     npx playwright install                                              Γòæ
    Γòæ                                                                         Γòæ
    Γòæ <3 Playwright Team                                                      Γòæ
    ΓòÜΓòÉΓòÉΓòÉΓòÉΓòÉΓòÉΓòÉΓòÉΓòÉΓòÉΓòÉΓòÉΓòÉΓòÉΓòÉΓòÉΓòÉΓòÉΓòÉΓòÉΓòÉΓòÉΓòÉΓòÉΓòÉΓòÉΓòÉΓòÉΓòÉΓòÉΓòÉΓòÉΓòÉΓòÉΓòÉΓòÉΓòÉΓòÉΓòÉΓòÉΓòÉΓòÉΓòÉΓòÉΓòÉΓòÉΓòÉΓòÉΓòÉΓòÉΓòÉΓòÉΓòÉΓòÉΓòÉΓòÉΓòÉΓòÉΓòÉΓòÉΓòÉΓòÉΓòÉΓòÉΓòÉΓòÉΓòÉΓòÉΓòÉΓòÉΓòÉΓòÉΓòÉΓò¥

  56) [chromium] ΓÇ║ tests\e2e\ui-controls.spec.ts:75:5 ΓÇ║ UI Controls & Tools ΓÇ║ Command Palette ΓÇ║ should open with keyboard shortcut and execute command 

    Error: browserType.launch: Executable doesn't exist at C:\Users\mehna\AppData\Local\ms-playwright\chromium_headless_shell-1208\chrome-headless-shell-win64\chrome-headless-shell.exe
    ΓòöΓòÉΓòÉΓòÉΓòÉΓòÉΓòÉΓòÉΓòÉΓòÉΓòÉΓòÉΓòÉΓòÉΓòÉΓòÉΓòÉΓòÉΓòÉΓòÉΓòÉΓòÉΓòÉΓòÉΓòÉΓòÉΓòÉΓòÉΓòÉΓòÉΓòÉΓòÉΓòÉΓòÉΓòÉΓòÉΓòÉΓòÉΓòÉΓòÉΓòÉΓòÉΓòÉΓòÉΓòÉΓòÉΓòÉΓòÉΓòÉΓòÉΓòÉΓòÉΓòÉΓòÉΓòÉΓòÉΓòÉΓòÉΓòÉΓòÉΓòÉΓòÉΓòÉΓòÉΓòÉΓòÉΓòÉΓòÉΓòÉΓòÉΓòÉΓòÉΓòÉΓòÉΓòù
    Γòæ Looks like Playwright Test or Playwright was just installed or updated. Γòæ
    Γòæ Please run the following command to download new browsers:              Γòæ
    Γòæ                                                                         Γòæ
    Γòæ     npx playwright install                                              Γòæ
    Γòæ                                                                         Γòæ
    Γòæ <3 Playwright Team                                                      Γòæ
    ΓòÜΓòÉΓòÉΓòÉΓòÉΓòÉΓòÉΓòÉΓòÉΓòÉΓòÉΓòÉΓòÉΓòÉΓòÉΓòÉΓòÉΓòÉΓòÉΓòÉΓòÉΓòÉΓòÉΓòÉΓòÉΓòÉΓòÉΓòÉΓòÉΓòÉΓòÉΓòÉΓòÉΓòÉΓòÉΓòÉΓòÉΓòÉΓòÉΓòÉΓòÉΓòÉΓòÉΓòÉΓòÉΓòÉΓòÉΓòÉΓòÉΓòÉΓòÉΓòÉΓòÉΓòÉΓòÉΓòÉΓòÉΓòÉΓòÉΓòÉΓòÉΓòÉΓòÉΓòÉΓòÉΓòÉΓòÉΓòÉΓòÉΓòÉΓòÉΓòÉΓòÉΓòÉΓò¥

  57) [chromium] ΓÇ║ tests\e2e\ux-upgrade.spec.js:20:5 ΓÇ║ Palette UX Upgrade ΓÇ║ should show UI immediately (Skeletons or Real Data) without blocking 

    Error: browserType.launch: Executable doesn't exist at C:\Users\mehna\AppData\Local\ms-playwright\chromium_headless_shell-1208\chrome-headless-shell-win64\chrome-headless-shell.exe
    ΓòöΓòÉΓòÉΓòÉΓòÉΓòÉΓòÉΓòÉΓòÉΓòÉΓòÉΓòÉΓòÉΓòÉΓòÉΓòÉΓòÉΓòÉΓòÉΓòÉΓòÉΓòÉΓòÉΓòÉΓòÉΓòÉΓòÉΓòÉΓòÉΓòÉΓòÉΓòÉΓòÉΓòÉΓòÉΓòÉΓòÉΓòÉΓòÉΓòÉΓòÉΓòÉΓòÉΓòÉΓòÉΓòÉΓòÉΓòÉΓòÉΓòÉΓòÉΓòÉΓòÉΓòÉΓòÉΓòÉΓòÉΓòÉΓòÉΓòÉΓòÉΓòÉΓòÉΓòÉΓòÉΓòÉΓòÉΓòÉΓòÉΓòÉΓòÉΓòÉΓòÉΓòÉΓòù
    Γòæ Looks like Playwright Test or Playwright was just installed or updated. Γòæ
    Γòæ Please run the following command to download new browsers:              Γòæ
    Γòæ                                                                         Γòæ
    Γòæ     npx playwright install                                              Γòæ
    Γòæ                                                                         Γòæ
    Γòæ <3 Playwright Team                                                      Γòæ
    ΓòÜΓòÉΓòÉΓòÉΓòÉΓòÉΓòÉΓòÉΓòÉΓòÉΓòÉΓòÉΓòÉΓòÉΓòÉΓòÉΓòÉΓòÉΓòÉΓòÉΓòÉΓòÉΓòÉΓòÉΓòÉΓòÉΓòÉΓòÉΓòÉΓòÉΓòÉΓòÉΓòÉΓòÉΓòÉΓòÉΓòÉΓòÉΓòÉΓòÉΓòÉΓòÉΓòÉΓòÉΓòÉΓòÉΓòÉΓòÉΓòÉΓòÉΓòÉΓòÉΓòÉΓòÉΓòÉΓòÉΓòÉΓòÉΓòÉΓòÉΓòÉΓòÉΓòÉΓòÉΓòÉΓòÉΓòÉΓòÉΓòÉΓòÉΓòÉΓòÉΓòÉΓòÉΓò¥

  58) [chromium] ΓÇ║ tests\e2e\ux-upgrade.spec.js:38:5 ΓÇ║ Palette UX Upgrade ΓÇ║ should show toast notifications on interaction 

    Error: browserType.launch: Executable doesn't exist at C:\Users\mehna\AppData\Local\ms-playwright\chromium_headless_shell-1208\chrome-headless-shell-win64\chrome-headless-shell.exe
    ΓòöΓòÉΓòÉΓòÉΓòÉΓòÉΓòÉΓòÉΓòÉΓòÉΓòÉΓòÉΓòÉΓòÉΓòÉΓòÉΓòÉΓòÉΓòÉΓòÉΓòÉΓòÉΓòÉΓòÉΓòÉΓòÉΓòÉΓòÉΓòÉΓòÉΓòÉΓòÉΓòÉΓòÉΓòÉΓòÉΓòÉΓòÉΓòÉΓòÉΓòÉΓòÉΓòÉΓòÉΓòÉΓòÉΓòÉΓòÉΓòÉΓòÉΓòÉΓòÉΓòÉΓòÉΓòÉΓòÉΓòÉΓòÉΓòÉΓòÉΓòÉΓòÉΓòÉΓòÉΓòÉΓòÉΓòÉΓòÉΓòÉΓòÉΓòÉΓòÉΓòÉΓòÉΓòù
    Γòæ Looks like Playwright Test or Playwright was just installed or updated. Γòæ
    Γòæ Please run the following command to download new browsers:              Γòæ
    Γòæ                                                                         Γòæ
    Γòæ     npx playwright install                                              Γòæ
    Γòæ                                                                         Γòæ
    Γòæ <3 Playwright Team                                                      Γòæ
    ΓòÜΓòÉΓòÉΓòÉΓòÉΓòÉΓòÉΓòÉΓòÉΓòÉΓòÉΓòÉΓòÉΓòÉΓòÉΓòÉΓòÉΓòÉΓòÉΓòÉΓòÉΓòÉΓòÉΓòÉΓòÉΓòÉΓòÉΓòÉΓòÉΓòÉΓòÉΓòÉΓòÉΓòÉΓòÉΓòÉΓòÉΓòÉΓòÉΓòÉΓòÉΓòÉΓòÉΓòÉΓòÉΓòÉΓòÉΓòÉΓòÉΓòÉΓòÉΓòÉΓòÉΓòÉΓòÉΓòÉΓòÉΓòÉΓòÉΓòÉΓòÉΓòÉΓòÉΓòÉΓòÉΓòÉΓòÉΓòÉΓòÉΓòÉΓòÉΓòÉΓòÉΓòÉΓò¥

  59) [chromium] ΓÇ║ tests\e2e\ux-upgrade.spec.js:58:5 ΓÇ║ Palette UX Upgrade ΓÇ║ should show error overlay on system.json 500 failure 

    Error: browserType.launch: Executable doesn't exist at C:\Users\mehna\AppData\Local\ms-playwright\chromium_headless_shell-1208\chrome-headless-shell-win64\chrome-headless-shell.exe
    ΓòöΓòÉΓòÉΓòÉΓòÉΓòÉΓòÉΓòÉΓòÉΓòÉΓòÉΓòÉΓòÉΓòÉΓòÉΓòÉΓòÉΓòÉΓòÉΓòÉΓòÉΓòÉΓòÉΓòÉΓòÉΓòÉΓòÉΓòÉΓòÉΓòÉΓòÉΓòÉΓòÉΓòÉΓòÉΓòÉΓòÉΓòÉΓòÉΓòÉΓòÉΓòÉΓòÉΓòÉΓòÉΓòÉΓòÉΓòÉΓòÉΓòÉΓòÉΓòÉΓòÉΓòÉΓòÉΓòÉΓòÉΓòÉΓòÉΓòÉΓòÉΓòÉΓòÉΓòÉΓòÉΓòÉΓòÉΓòÉΓòÉΓòÉΓòÉΓòÉΓòÉΓòÉΓòù
    Γòæ Looks like Playwright Test or Playwright was just installed or updated. Γòæ
    Γòæ Please run the following command to download new browsers:              Γòæ
    Γòæ                                                                         Γòæ
    Γòæ     npx playwright install                                              Γòæ
    Γòæ                                                                         Γòæ
    Γòæ <3 Playwright Team                                                      Γòæ
    ΓòÜΓòÉΓòÉΓòÉΓòÉΓòÉΓòÉΓòÉΓòÉΓòÉΓòÉΓòÉΓòÉΓòÉΓòÉΓòÉΓòÉΓòÉΓòÉΓòÉΓòÉΓòÉΓòÉΓòÉΓòÉΓòÉΓòÉΓòÉΓòÉΓòÉΓòÉΓòÉΓòÉΓòÉΓòÉΓòÉΓòÉΓòÉΓòÉΓòÉΓòÉΓòÉΓòÉΓòÉΓòÉΓòÉΓòÉΓòÉΓòÉΓòÉΓòÉΓòÉΓòÉΓòÉΓòÉΓòÉΓòÉΓòÉΓòÉΓòÉΓòÉΓòÉΓòÉΓòÉΓòÉΓòÉΓòÉΓòÉΓòÉΓòÉΓòÉΓòÉΓòÉΓòÉΓò¥

  60) [chromium] ΓÇ║ tests\e2e\visual-audit.spec.js:23:5 ΓÇ║ Visual Audit ΓÇ║ capture screenshots for visual audit 

    Error: browserType.launch: Executable doesn't exist at C:\Users\mehna\AppData\Local\ms-playwright\chromium_headless_shell-1208\chrome-headless-shell-win64\chrome-headless-shell.exe
    ΓòöΓòÉΓòÉΓòÉΓòÉΓòÉΓòÉΓòÉΓòÉΓòÉΓòÉΓòÉΓòÉΓòÉΓòÉΓòÉΓòÉΓòÉΓòÉΓòÉΓòÉΓòÉΓòÉΓòÉΓòÉΓòÉΓòÉΓòÉΓòÉΓòÉΓòÉΓòÉΓòÉΓòÉΓòÉΓòÉΓòÉΓòÉΓòÉΓòÉΓòÉΓòÉΓòÉΓòÉΓòÉΓòÉΓòÉΓòÉΓòÉΓòÉΓòÉΓòÉΓòÉΓòÉΓòÉΓòÉΓòÉΓòÉΓòÉΓòÉΓòÉΓòÉΓòÉΓòÉΓòÉΓòÉΓòÉΓòÉΓòÉΓòÉΓòÉΓòÉΓòÉΓòÉΓòù
    Γòæ Looks like Playwright Test or Playwright was just installed or updated. Γòæ
    Γòæ Please run the following command to download new browsers:              Γòæ
    Γòæ                                                                         Γòæ
    Γòæ     npx playwright install                                              Γòæ
    Γòæ                                                                         Γòæ
    Γòæ <3 Playwright Team                                                      Γòæ
    ΓòÜΓòÉΓòÉΓòÉΓòÉΓòÉΓòÉΓòÉΓòÉΓòÉΓòÉΓòÉΓòÉΓòÉΓòÉΓòÉΓòÉΓòÉΓòÉΓòÉΓòÉΓòÉΓòÉΓòÉΓòÉΓòÉΓòÉΓòÉΓòÉΓòÉΓòÉΓòÉΓòÉΓòÉΓòÉΓòÉΓòÉΓòÉΓòÉΓòÉΓòÉΓòÉΓòÉΓòÉΓòÉΓòÉΓòÉΓòÉΓòÉΓòÉΓòÉΓòÉΓòÉΓòÉΓòÉΓòÉΓòÉΓòÉΓòÉΓòÉΓòÉΓòÉΓòÉΓòÉΓòÉΓòÉΓòÉΓòÉΓòÉΓòÉΓòÉΓòÉΓòÉΓòÉΓò¥

  60 failed
    [chromium] ΓÇ║ tests\e2e\camera-controls.spec.js:63:5 ΓÇ║ Camera & Time Controls ΓÇ║ should pause and resume simulation 
    [chromium] ΓÇ║ tests\e2e\camera-controls.spec.js:78:5 ΓÇ║ Camera & Time Controls ΓÇ║ should adjust simulation speed via slider 
    [chromium] ΓÇ║ tests\e2e\camera-controls.spec.js:92:5 ΓÇ║ Camera & Time Controls ΓÇ║ should toggle camera view 
    [chromium] ΓÇ║ tests\e2e\camera-controls.spec.js:110:5 ΓÇ║ Camera & Time Controls ΓÇ║ should reset view 
    [chromium] ΓÇ║ tests\e2e\camera-controls.spec.js:123:5 ΓÇ║ Camera & Time Controls ΓÇ║ should toggle textures via bottom dock button 
    [chromium] ΓÇ║ tests\e2e\camera-controls.spec.js:141:5 ΓÇ║ Camera & Time Controls ΓÇ║ should toggle labels via button 
    [chromium] ΓÇ║ tests\e2e\camera-controls.spec.js:155:5 ΓÇ║ Camera & Time Controls ΓÇ║ should toggle orbits via button 
    [chromium] ΓÇ║ tests\e2e\camera-controls.spec.js:170:5 ΓÇ║ Camera & Time Controls ΓÇ║ should follow selected object 
    [chromium] ΓÇ║ tests\e2e\command-palette.spec.ts:5:5 ΓÇ║ Command Palette Shortcut ΓÇ║ should toggle command palette with Cmd+K / Ctrl+K 
    [chromium] ΓÇ║ tests\e2e\help-modal.spec.js:26:5 ΓÇ║ Help Modal ΓÇ║ should open help modal via button 
    [chromium] ΓÇ║ tests\e2e\help-modal.spec.js:38:5 ΓÇ║ Help Modal ΓÇ║ should close help modal via close button 
    [chromium] ΓÇ║ tests\e2e\help-modal.spec.js:55:5 ΓÇ║ Help Modal ΓÇ║ should display controls and shortcuts content 
    [chromium] ΓÇ║ tests\e2e\help-modal.spec.js:72:5 ΓÇ║ Help Modal ΓÇ║ should close modal with Escape key 
    [chromium] ΓÇ║ tests\e2e\help-modal.spec.js:88:5 ΓÇ║ Help Modal ΓÇ║ should have accessible close button 
    [chromium] ΓÇ║ tests\e2e\help-modal.spec.js:100:5 ΓÇ║ Help Modal ΓÇ║ should have focusable elements within modal 
    [chromium] ΓÇ║ tests\e2e\keyboard-shortcuts.spec.js:46:5 ΓÇ║ Keyboard Shortcuts ΓÇ║ should pause/play simulation with Space key 
    [chromium] ΓÇ║ tests\e2e\keyboard-shortcuts.spec.js:62:5 ΓÇ║ Keyboard Shortcuts ΓÇ║ should toggle camera with C key 
    [chromium] ΓÇ║ tests\e2e\keyboard-shortcuts.spec.js:80:5 ΓÇ║ Keyboard Shortcuts ΓÇ║ should toggle textures with T key 
    [chromium] ΓÇ║ tests\e2e\keyboard-shortcuts.spec.js:98:5 ΓÇ║ Keyboard Shortcuts ΓÇ║ should toggle labels with L key 
    [chromium] ΓÇ║ tests\e2e\keyboard-shortcuts.spec.js:112:5 ΓÇ║ Keyboard Shortcuts ΓÇ║ should toggle orbits with O key 
    [chromium] ΓÇ║ tests\e2e\keyboard-shortcuts.spec.js:126:5 ΓÇ║ Keyboard Shortcuts ΓÇ║ should close sidebar with Escape key 
    [chromium] ΓÇ║ tests\e2e\keyboard-shortcuts.spec.js:149:5 ΓÇ║ Keyboard Shortcuts ΓÇ║ should open command palette with Cmd+K / Ctrl+K 
    [chromium] ΓÇ║ tests\e2e\keyboard-shortcuts.spec.js:163:5 ΓÇ║ Keyboard Shortcuts ΓÇ║ should open settings with comma key 
    [chromium] ΓÇ║ tests\e2e\keyboard-shortcuts.spec.js:177:5 ΓÇ║ Keyboard Shortcuts ΓÇ║ should open help modal with ? key 
    [chromium] ΓÇ║ tests\e2e\navigation-sidebar.spec.js:47:5 ΓÇ║ Navigation Sidebar ΓÇ║ should open and close navigation sidebar 
    [chromium] ΓÇ║ tests\e2e\navigation-sidebar.spec.js:67:5 ΓÇ║ Navigation Sidebar ΓÇ║ should display planet list after loading 
    [chromium] ΓÇ║ tests\e2e\navigation-sidebar.spec.js:82:5 ΓÇ║ Navigation Sidebar ΓÇ║ should filter planets via search 
    [chromium] ΓÇ║ tests\e2e\navigation-sidebar.spec.js:101:5 ΓÇ║ Navigation Sidebar ΓÇ║ should clear search results when input is cleared 
    [chromium] ΓÇ║ tests\e2e\navigation-sidebar.spec.js:124:5 ΓÇ║ Navigation Sidebar ΓÇ║ should select a planet and update info panel 
    [chromium] ΓÇ║ tests\e2e\navigation-sidebar.spec.js:142:5 ΓÇ║ Navigation Sidebar ΓÇ║ should show Jupiter moons in navigation 
    [chromium] ΓÇ║ tests\e2e\navigation.spec.ts:37:3 ΓÇ║ Navigation & Search ΓÇ║ should toggle sidebar visibility 
    [chromium] ΓÇ║ tests\e2e\navigation.spec.ts:58:3 ΓÇ║ Navigation & Search ΓÇ║ should populate planet list 
    [chromium] ΓÇ║ tests\e2e\navigation.spec.ts:70:3 ΓÇ║ Navigation & Search ΓÇ║ should filter list via search 
    [chromium] ΓÇ║ tests\e2e\navigation.spec.ts:93:3 ΓÇ║ Navigation & Search ΓÇ║ should select a planet and show info panel 
    [chromium] ΓÇ║ tests\e2e\performance.spec.js:28:5 ΓÇ║ Performance Benchmarks ΓÇ║ should maintain acceptable FPS during simulation 
    [chromium] ΓÇ║ tests\e2e\performance.spec.js:53:5 ΓÇ║ Performance Benchmarks ΓÇ║ should complete initialization within acceptable time 
    [chromium] ΓÇ║ tests\e2e\performance.spec.js:76:5 ΓÇ║ Performance Benchmarks ΓÇ║ should have resource hints in place 
    [chromium] ΓÇ║ tests\e2e\responsive.spec.ts:14:3 ΓÇ║ Responsive Layouts ΓÇ║ mobile layout: sidebar should cover full screen or significant portion 
    [chromium] ΓÇ║ tests\e2e\responsive.spec.ts:30:3 ΓÇ║ Responsive Layouts ΓÇ║ mobile layout: bottom dock compact view 
    [chromium] ΓÇ║ tests\e2e\responsive.spec.ts:41:3 ΓÇ║ Responsive Layouts ΓÇ║ tablet layout: functionality check 
    [chromium] ΓÇ║ tests\e2e\settings-panel.spec.js:43:5 ΓÇ║ Settings Panel ΓÇ║ should open and close settings panel 
    [chromium] ΓÇ║ tests\e2e\settings-panel.spec.js:63:5 ΓÇ║ Settings Panel ΓÇ║ should toggle textures setting 
    [chromium] ΓÇ║ tests\e2e\settings-panel.spec.js:84:5 ΓÇ║ Settings Panel ΓÇ║ should toggle labels setting 
    [chromium] ΓÇ║ tests\e2e\settings-panel.spec.js:101:5 ΓÇ║ Settings Panel ΓÇ║ should toggle orbits setting 
    [chromium] ΓÇ║ tests\e2e\settings-panel.spec.js:118:5 ΓÇ║ Settings Panel ΓÇ║ should toggle belt settings 
    [chromium] ΓÇ║ tests\e2e\settings-panel.spec.js:148:5 ΓÇ║ Settings Panel ΓÇ║ should change theme ΓöÇΓöÇΓöÇΓöÇΓöÇ
    [chromium] ΓÇ║ tests\e2e\settings-panel.spec.js:174:5 ΓÇ║ Settings Panel ΓÇ║ should adjust simulation speed 
    [chromium] ΓÇ║ tests\e2e\settings-panel.spec.js:195:5 ΓÇ║ Settings Panel ΓÇ║ should persist settings after refresh (localStorage) 
    [chromium] ΓÇ║ tests\e2e\smoke.spec.ts:6:3 ΓÇ║ Smoke Tests ΓÇ║ should load the application successfully 
    [chromium] ΓÇ║ tests\e2e\stress_trails.spec.ts:3:1 ΓÇ║ Trails Performance Benchmark ΓöÇΓöÇΓöÇΓöÇΓöÇΓöÇΓöÇΓöÇΓöÇΓöÇΓöÇΓöÇΓöÇΓöÇΓöÇΓöÇ
    [chromium] ΓÇ║ tests\e2e\ui-controls.spec.ts:15:5 ΓÇ║ UI Controls & Tools ΓÇ║ Global Toggles ΓÇ║ should toggle labels 
    [chromium] ΓÇ║ tests\e2e\ui-controls.spec.ts:25:5 ΓÇ║ UI Controls & Tools ΓÇ║ Global Toggles ΓÇ║ should toggle orbits 
    [chromium] ΓÇ║ tests\e2e\ui-controls.spec.ts:35:5 ΓÇ║ UI Controls & Tools ΓÇ║ Global Toggles ΓÇ║ should toggle textures 
    [chromium] ΓÇ║ tests\e2e\ui-controls.spec.ts:47:5 ΓÇ║ UI Controls & Tools ΓÇ║ Time Controls ΓÇ║ should toggle pause/resume 
    [chromium] ΓÇ║ tests\e2e\ui-controls.spec.ts:59:5 ΓÇ║ UI Controls & Tools ΓÇ║ Time Controls ΓÇ║ should change simulation speed 
    [chromium] ΓÇ║ tests\e2e\ui-controls.spec.ts:75:5 ΓÇ║ UI Controls & Tools ΓÇ║ Command Palette ΓÇ║ should open with keyboard shortcut and execute command 
    [chromium] ΓÇ║ tests\e2e\ux-upgrade.spec.js:20:5 ΓÇ║ Palette UX Upgrade ΓÇ║ should show UI immediately (Skeletons or Real Data) without blocking 
    [chromium] ΓÇ║ tests\e2e\ux-upgrade.spec.js:38:5 ΓÇ║ Palette UX Upgrade ΓÇ║ should show toast notifications on interaction 
    [chromium] ΓÇ║ tests\e2e\ux-upgrade.spec.js:58:5 ΓÇ║ Palette UX Upgrade ΓÇ║ should show error overlay on system.json 500 failure 
    [chromium] ΓÇ║ tests\e2e\visual-audit.spec.js:23:5 ΓÇ║ Visual Audit ΓÇ║ capture screenshots for visual audit 
  1 skipped

[36m  Serving HTML report at http://localhost:52488. Press Ctrl+C to quit.[39m
