
Running 3 tests using 1 worker

  -  1 [chromium] ΓÇ║ tests\e2e\performance.spec.js:27:10 ΓÇ║ Performance Benchmarks ΓÇ║ should maintain acceptable FPS during simulation
ΓÜí Init: ThreeJS Setup: 28.548095703125 ms
ΓÜí Init: Managers: 0.31201171875 ms
ΓÜí Init: Initial Objects: 16.51513671875 ms
ΓÜí Init: Load Data: 37.975830078125 ms
ΓÜí Init: Process Data: 27.916015625 ms
ΓÜí Init: Instance Build: 0.510009765625 ms
ΓÜí Initialization time: 5420ms
  Γ£ô  2 [chromium] ΓÇ║ tests\e2e\performance.spec.js:52:5 ΓÇ║ Performance Benchmarks ΓÇ║ should complete initialization within acceptable time (16.7s)
  Γ£ÿ  3 [chromium] ΓÇ║ tests\e2e\performance.spec.js:75:5 ΓÇ║ Performance Benchmarks ΓÇ║ should have resource hints in place (18.4s)


  1) [chromium] ΓÇ║ tests\e2e\performance.spec.js:75:5 ΓÇ║ Performance Benchmarks ΓÇ║ should have resource hints in place 

    Error: [2mexpect([22m[31mlocator[39m[2m).[22mtoHaveCount[2m([22m[32mexpected[39m[2m)[22m failed

    Locator:  locator('link[rel="dns-prefetch"][href="https://unpkg.com"]')
    Expected: [32m1[39m
    Received: [31m0[39m
    Timeout:  5000ms

    Call log:
    [2m  - Expect "toHaveCount" with timeout 5000ms[22m
    [2m  - waiting for locator('link[rel="dns-prefetch"][href="https://unpkg.com"]')[22m
    [2m    2 ├ù locator resolved to 0 elements[22m
    [2m      - unexpected value "0"[22m


      78 |         // Verify DNS prefetch hint exists
      79 |         const dnsPrefetch = await page.locator('link[rel="dns-prefetch"][href="https://unpkg.com"]');
    > 80 |         await expect(dnsPrefetch).toHaveCount(1);
         |                                   ^
      81 |
      82 |         // Verify preconnect hint exists
      83 |         const preconnect = await page.locator('link[rel="preconnect"][href="https://unpkg.com"]');
        at C:\Users\mehna\OneDrive\Desktop\Solar-Sim\tests\e2e\performance.spec.js:80:35

    attachment #1: screenshot (image/png) ΓöÇΓöÇΓöÇΓöÇΓöÇΓöÇΓöÇΓöÇΓöÇΓöÇΓöÇΓöÇΓöÇΓöÇΓöÇΓöÇΓöÇΓöÇΓöÇΓöÇΓöÇΓöÇΓöÇΓöÇΓöÇΓöÇΓöÇΓöÇΓöÇΓöÇΓöÇΓöÇΓöÇΓöÇΓöÇΓöÇΓöÇΓöÇΓöÇΓöÇΓöÇΓöÇΓöÇΓöÇΓöÇΓöÇΓöÇΓöÇΓöÇΓöÇΓöÇΓöÇΓöÇΓöÇΓöÇΓöÇΓöÇΓöÇ
    test-results\performance-Performance-Be-c9a49-ave-resource-hints-in-place-chromium\test-failed-1.png
    ΓöÇΓöÇΓöÇΓöÇΓöÇΓöÇΓöÇΓöÇΓöÇΓöÇΓöÇΓöÇΓöÇΓöÇΓöÇΓöÇΓöÇΓöÇΓöÇΓöÇΓöÇΓöÇΓöÇΓöÇΓöÇΓöÇΓöÇΓöÇΓöÇΓöÇΓöÇΓöÇΓöÇΓöÇΓöÇΓöÇΓöÇΓöÇΓöÇΓöÇΓöÇΓöÇΓöÇΓöÇΓöÇΓöÇΓöÇΓöÇΓöÇΓöÇΓöÇΓöÇΓöÇΓöÇΓöÇΓöÇΓöÇΓöÇΓöÇΓöÇΓöÇΓöÇΓöÇΓöÇΓöÇΓöÇΓöÇΓöÇΓöÇΓöÇΓöÇΓöÇΓöÇΓöÇΓöÇΓöÇΓöÇΓöÇΓöÇΓöÇΓöÇΓöÇΓöÇΓöÇΓöÇΓöÇΓöÇΓöÇΓöÇΓöÇΓöÇΓöÇΓöÇΓöÇΓöÇΓöÇ

    Error Context: test-results\performance-Performance-Be-c9a49-ave-resource-hints-in-place-chromium\error-context.md

  1 failed
    [chromium] ΓÇ║ tests\e2e\performance.spec.js:75:5 ΓÇ║ Performance Benchmarks ΓÇ║ should have resource hints in place 
  1 skipped
  1 passed (39.4s)

[36m  Serving HTML report at http://localhost:63059. Press Ctrl+C to quit.[39m
